Archive member included because of file (symbol)

/opt/gcc-linaro-arm-linux-gnueabihf-4.9-2014.09_linux/bin/../lib/gcc/arm-linux-gnueabihf/4.9.2/libgcc.a(_udivsi3.o)
                              arch/arm/cpu/armv7/built-in.o (__aeabi_uidiv)
/opt/gcc-linaro-arm-linux-gnueabihf-4.9-2014.09_linux/bin/../lib/gcc/arm-linux-gnueabihf/4.9.2/libgcc.a(_divsi3.o)
                              common/built-in.o (__aeabi_idiv)
/opt/gcc-linaro-arm-linux-gnueabihf-4.9-2014.09_linux/bin/../lib/gcc/arm-linux-gnueabihf/4.9.2/libgcc.a(_lshrdi3.o)
                              drivers/mtd/built-in.o (__aeabi_llsr)
/opt/gcc-linaro-arm-linux-gnueabihf-4.9-2014.09_linux/bin/../lib/gcc/arm-linux-gnueabihf/4.9.2/libgcc.a(_ashrdi3.o)
                              drivers/mtd/nand/built-in.o (__aeabi_lasr)
/opt/gcc-linaro-arm-linux-gnueabihf-4.9-2014.09_linux/bin/../lib/gcc/arm-linux-gnueabihf/4.9.2/libgcc.a(_ashldi3.o)
                              drivers/mmc/built-in.o (__aeabi_llsl)
/opt/gcc-linaro-arm-linux-gnueabihf-4.9-2014.09_linux/bin/../lib/gcc/arm-linux-gnueabihf/4.9.2/libgcc.a(_aeabi_ldivmod.o)
                              board/freescale/mx6g2c/built-in.o (__aeabi_ldivmod)
/opt/gcc-linaro-arm-linux-gnueabihf-4.9-2014.09_linux/bin/../lib/gcc/arm-linux-gnueabihf/4.9.2/libgcc.a(_dvmd_lnx.o)
                              /opt/gcc-linaro-arm-linux-gnueabihf-4.9-2014.09_linux/bin/../lib/gcc/arm-linux-gnueabihf/4.9.2/libgcc.a(_udivsi3.o) (__aeabi_idiv0)
/opt/gcc-linaro-arm-linux-gnueabihf-4.9-2014.09_linux/bin/../lib/gcc/arm-linux-gnueabihf/4.9.2/libgcc.a(bpabi.o)
                              /opt/gcc-linaro-arm-linux-gnueabihf-4.9-2014.09_linux/bin/../lib/gcc/arm-linux-gnueabihf/4.9.2/libgcc.a(_aeabi_ldivmod.o) (__gnu_ldivmod_helper)
/opt/gcc-linaro-arm-linux-gnueabihf-4.9-2014.09_linux/bin/../lib/gcc/arm-linux-gnueabihf/4.9.2/libgcc.a(_divdi3.o)
                              /opt/gcc-linaro-arm-linux-gnueabihf-4.9-2014.09_linux/bin/../lib/gcc/arm-linux-gnueabihf/4.9.2/libgcc.a(bpabi.o) (__divdi3)
/opt/gcc-linaro-arm-linux-gnueabihf-4.9-2014.09_linux/bin/../lib/gcc/arm-linux-gnueabihf/4.9.2/libgcc.a(_udivdi3.o)
                              /opt/gcc-linaro-arm-linux-gnueabihf-4.9-2014.09_linux/bin/../lib/gcc/arm-linux-gnueabihf/4.9.2/libgcc.a(bpabi.o) (__udivdi3)

Discarded input sections

 .data          0x00000000        0x0 arch/arm/cpu/armv7/start.o
 .bss           0x00000000        0x0 arch/arm/cpu/armv7/start.o
 .text.v7_arch_cp15_set_l2aux_ctrl
                0x00000000        0x8 arch/arm/cpu/armv7/built-in.o
 .text.v7_arch_cp15_set_acr
                0x00000000        0x8 arch/arm/cpu/armv7/built-in.o
 .text.sdelay   0x00000000        0xc arch/arm/cpu/armv7/built-in.o
 .text.wait_on_value
                0x00000000       0x34 arch/arm/cpu/armv7/built-in.o
 .text.get_nr_cpus
                0x00000000       0x10 arch/arm/cpu/armv7/built-in.o
 .text.get_board_rev
                0x00000000       0x30 arch/arm/cpu/armv7/built-in.o
 .text.get_boot_device
                0x00000000       0x9c arch/arm/cpu/armv7/built-in.o
 .text.set_wdog_reset
                0x00000000       0x18 arch/arm/cpu/armv7/built-in.o
 .text.setup_gpmi_io_clk
                0x00000000       0x5c arch/arm/cpu/armv7/built-in.o
 .text.enable_usdhc_clk
                0x00000000       0x4c arch/arm/cpu/armv7/built-in.o
 .text.enable_i2c_clk
                0x00000000       0x60 arch/arm/cpu/armv7/built-in.o
 .text.enable_spi_clk
                0x00000000       0x44 arch/arm/cpu/armv7/built-in.o
 .text.enable_qspi_clk
                0x00000000       0x4c arch/arm/cpu/armv7/built-in.o
 .text.mxs_set_vadcclk
                0x00000000       0x24 arch/arm/cpu/armv7/built-in.o
 .data          0x00000000        0x0 arch/arm/cpu/armv7/built-in.o
 .bss           0x00000000        0x0 arch/arm/cpu/armv7/built-in.o
 .text          0x00000000        0x0 arch/arm/imx-common/built-in.o
 .text.imx_iomux_set_gpr_register
                0x00000000       0x3c arch/arm/imx-common/built-in.o
 .text.get_imx_reset_cause
                0x00000000       0x10 arch/arm/imx-common/built-in.o
 .text.imx_ddr_size
                0x00000000       0x64 arch/arm/imx-common/built-in.o
 .text.set_chipselect_size
                0x00000000       0x84 arch/arm/imx-common/built-in.o
 .text.force_idle_bus
                0x00000000      0x1c4 arch/arm/imx-common/built-in.o
 .text.setup_i2c
                0x00000000       0xec arch/arm/imx-common/built-in.o
 .text.usec2ticks
                0x00000000       0x64 arch/arm/imx-common/built-in.o
 .rodata.col_lookup
                0x00000000        0x8 arch/arm/imx-common/built-in.o
 .rodata.bank_lookup
                0x00000000        0x2 arch/arm/imx-common/built-in.o
 .rodata.i2c_bases
                0x00000000       0x10 arch/arm/imx-common/built-in.o
 .rodata.__func__.7022
                0x00000000        0xf arch/arm/imx-common/built-in.o
 .data          0x00000000        0x0 arch/arm/imx-common/built-in.o
 .bss           0x00000000        0x0 arch/arm/imx-common/built-in.o
 .text.reset_misc
                0x00000000        0x4 arch/arm/lib/built-in.o
 .text.flush_cache
                0x00000000        0x4 arch/arm/lib/built-in.o
 .text.flush_dcache_all
                0x00000000        0xc arch/arm/lib/built-in.o
 .text.enable_caches
                0x00000000        0xc arch/arm/lib/built-in.o
 .text.arm_init_before_mmu
                0x00000000        0x4 arch/arm/lib/built-in.o
 .text.mmu_page_table_flush
                0x00000000        0x4 arch/arm/lib/built-in.o
 .data          0x00000000        0x0 arch/arm/lib/built-in.o
 .__secure_start
                0x00000000        0x0 arch/arm/lib/built-in.o
 .__secure_end  0x00000000        0x0 arch/arm/lib/built-in.o
 .bss           0x00000000        0x0 arch/arm/lib/built-in.o
 .text          0x00000000        0x0 board/freescale/mx6g2c/built-in.o
 .text.mmc_get_env_devno
                0x00000000       0x20 board/freescale/mx6g2c/built-in.o
 .text.mmc_map_to_kernel_blk
                0x00000000        0x4 board/freescale/mx6g2c/built-in.o
 .text.check_mmc_autodetect
                0x00000000       0x38 board/freescale/mx6g2c/built-in.o
 .text.board_late_mmc_init
                0x00000000       0x78 board/freescale/mx6g2c/built-in.o
 .data          0x00000000        0x0 board/freescale/mx6g2c/built-in.o
 .data.i2c_pad_info1
                0x00000000       0x30 board/freescale/mx6g2c/built-in.o
 .bss           0x00000000        0x0 board/freescale/mx6g2c/built-in.o
 .text          0x00000000        0x0 common/built-in.o
 .text.hash_finish_crc32
                0x00000000       0x30 common/built-in.o
 .text.hash_update_crc32
                0x00000000       0x24 common/built-in.o
 .text.hash_init_crc32
                0x00000000       0x24 common/built-in.o
 .text.hash_lookup_algo
                0x00000000       0x28 common/built-in.o
 .text.hash_progressive_lookup_algo
                0x00000000       0x3c common/built-in.o
 .text.hash_show
                0x00000000       0x54 common/built-in.o
 .text.hash_block
                0x00000000       0x6c common/built-in.o
 .text.unset_local_var
                0x00000000       0xa0 common/built-in.o
 .text.arch_cpu_init
                0x00000000        0x8 common/built-in.o
 .text.red_led_off
                0x00000000        0x4 common/built-in.o
 .text.green_led_on
                0x00000000        0x4 common/built-in.o
 .text.green_led_off
                0x00000000        0x4 common/built-in.o
 .text.yellow_led_on
                0x00000000        0x4 common/built-in.o
 .text.yellow_led_off
                0x00000000        0x4 common/built-in.o
 .text.blue_led_on
                0x00000000        0x4 common/built-in.o
 .text.blue_led_off
                0x00000000        0x4 common/built-in.o
 .text.arch_reserve_stacks
                0x00000000        0x8 common/built-in.o
 .text.board_init_f_mem
                0x00000000       0x30 common/built-in.o
 .text.board_flash_wp_on
                0x00000000        0x8 common/built-in.o
 .text.fixup_cpu
                0x00000000        0x8 common/built-in.o
 .text.checkboard
                0x00000000       0x18 common/built-in.o
 .text.bootz_setup
                0x00000000       0x18 common/built-in.o
 .text.arch_preboot_os
                0x00000000        0x4 common/built-in.o
 .text.env_flags_parse_varaccess_from_binflags
                0x00000000       0x54 common/built-in.o
 .text.gunzip_bmp
                0x00000000        0x8 common/built-in.o
 .text.invalidate_icache_all
                0x00000000        0xc common/built-in.o
 .text.flush_dcache_all
                0x00000000        0xc common/built-in.o
 .text.of_bus_default_map
                0x00000000       0xdc common/built-in.o
 .text.fdt_read_prop
                0x00000000       0x64 common/built-in.o
 .text.of_bus_default_count_cells
                0x00000000       0x58 common/built-in.o
 .text.of_bus_default_translate
                0x00000000       0xa4 common/built-in.o
 .text.fdt_getprop_u32_default_node
                0x00000000       0x40 common/built-in.o
 .text.fdt_getprop_u32_default
                0x00000000       0x3c common/built-in.o
 .text.do_fixup_by_path_u32
                0x00000000       0x2c common/built-in.o
 .text.do_fixup_by_prop
                0x00000000       0x9c common/built-in.o
 .text.do_fixup_by_prop_u32
                0x00000000       0x38 common/built-in.o
 .text.do_fixup_by_compat
                0x00000000       0x8c common/built-in.o
 .text.do_fixup_by_compat_u32
                0x00000000       0x2c common/built-in.o
 .text.fdt_increase_size
                0x00000000       0x14 common/built-in.o
 .text.fdt_del_node_and_alias
                0x00000000       0x44 common/built-in.o
 .text.fdt_translate_address
                0x00000000      0x29c common/built-in.o
 .text.fdt_node_offset_by_compat_reg
                0x00000000       0x88 common/built-in.o
 .text.fdt_alloc_phandle
                0x00000000       0x58 common/built-in.o
 .text.fdt_set_phandle
                0x00000000       0x60 common/built-in.o
 .text.fdt_create_phandle
                0x00000000       0x64 common/built-in.o
 .text.fdt_set_node_status
                0x00000000       0xf4 common/built-in.o
 .text.fdt_set_status_by_alias
                0x00000000       0x2c common/built-in.o
 .text.fdt_add_edid
                0x00000000       0xa8 common/built-in.o
 .text.fdt_verify_alias_address
                0x00000000       0xcc common/built-in.o
 .text.fdt_get_base_address
                0x00000000       0x54 common/built-in.o
 .text.fdt_read_range
                0x00000000      0x138 common/built-in.o
 .text.fdt_setup_simplefb_node
                0x00000000      0x1fc common/built-in.o
 .text.legacy_miiphy_read
                0x00000000       0x34 common/built-in.o
 .text.legacy_miiphy_write
                0x00000000       0x1c common/built-in.o
 .text.miiphy_register
                0x00000000      0x124 common/built-in.o
 .text.mdio_free
                0x00000000        0x4 common/built-in.o
 .text.mdio_unregister
                0x00000000       0x3c common/built-in.o
 .text.usb_submit_int_msg
                0x00000000        0x4 common/built-in.o
 .text.usb_set_protocol
                0x00000000       0x4c common/built-in.o
 .text.usb_set_idle
                0x00000000       0x54 common/built-in.o
 .text.usb_get_report
                0x00000000       0x5c common/built-in.o
 .text.usb_get_class_descriptor
                0x00000000       0x5c common/built-in.o
 .text.board_usb_init
                0x00000000        0x8 common/built-in.o
 .text.splash_screen_prepare
                0x00000000        0x8 common/built-in.o
 .text.fputc    0x00000000       0x1c common/built-in.o
 .text.fputs    0x00000000       0x1c common/built-in.o
 .text.fprintf  0x00000000       0x4c common/built-in.o
 .text.disable_ctrlc
                0x00000000       0x18 common/built-in.o
 .text.valloc   0x00000000        0xc common/built-in.o
 .text.pvalloc  0x00000000       0x18 common/built-in.o
 .text.cfree    0x00000000        0x4 common/built-in.o
 .text.malloc_usable_size
                0x00000000       0x3c common/built-in.o
 .text.mallopt  0x00000000       0x68 common/built-in.o
 .text.get_table_entry_id
                0x00000000       0x4c common/built-in.o
 .text.genimg_get_os_id
                0x00000000       0x18 common/built-in.o
 .text.genimg_get_arch_id
                0x00000000       0x18 common/built-in.o
 .text.genimg_get_type_id
                0x00000000       0x18 common/built-in.o
 .text.genimg_get_comp_id
                0x00000000       0x18 common/built-in.o
 .text.genimg_get_kernel_addr
                0x00000000       0x24 common/built-in.o
 .text.arch_fixup_fdt
                0x00000000        0x8 common/built-in.o
 .text.get_ram_size
                0x00000000       0xe4 common/built-in.o
 .text.stdio_init
                0x00000000       0x14 common/built-in.o
 .text.cli_simple_parse_line
                0x00000000       0x88 common/built-in.o
 .text.cli_simple_process_macros
                0x00000000      0x214 common/built-in.o
 .text.cli_simple_run_command
                0x00000000      0x158 common/built-in.o
 .text.cli_simple_loop
                0x00000000       0x7c common/built-in.o
 .text.cli_simple_run_command_list
                0x00000000       0x70 common/built-in.o
 .text.run_command_repeatable
                0x00000000       0x1c common/built-in.o
 .rodata.__FUNCTION__.7854
                0x00000000       0x17 common/built-in.o
 .rodata.__FUNCTION__.7253
                0x00000000       0x10 common/built-in.o
 .data          0x00000000        0x0 common/built-in.o
 .data.hash_algo
                0x00000000       0x1c common/built-in.o
 .data.of_busses
                0x00000000       0x14 common/built-in.o
 .data.mmap_threshold
                0x00000000        0x4 common/built-in.o
 .bss           0x00000000        0x0 common/built-in.o
 .bss.env_ptr   0x00000000        0x4 common/built-in.o
 .bss.n_mmaps_max
                0x00000000        0x4 common/built-in.o
 .bss.save_addr
                0x00000000        0x4 common/built-in.o
 .bss.save_size
                0x00000000        0x4 common/built-in.o
 .bss.lastcommand.6807
                0x00000000      0x400 common/built-in.o
 .text          0x00000000        0x0 disk/built-in.o
 .text.get_dev  0x00000000        0x8 disk/built-in.o
 .data          0x00000000        0x0 disk/built-in.o
 .bss           0x00000000        0x0 disk/built-in.o
 .text          0x00000000        0x0 drivers/built-in.o
 .text.dev_get_parent_platdata
                0x00000000       0x34 drivers/built-in.o
 .text.dev_get_parentdata
                0x00000000       0x34 drivers/built-in.o
 .text.device_get_child
                0x00000000       0x58 drivers/built-in.o
 .text.device_find_child_by_seq
                0x00000000       0x64 drivers/built-in.o
 .text.device_get_child_by_seq
                0x00000000       0x70 drivers/built-in.o
 .text.device_find_child_by_of_offset
                0x00000000       0x44 drivers/built-in.o
 .text.device_get_child_by_of_offset
                0x00000000       0x3c drivers/built-in.o
 .text.device_find_first_child
                0x00000000       0x1c drivers/built-in.o
 .text.device_find_next_child
                0x00000000       0x28 drivers/built-in.o
 .text.dev_get_parent
                0x00000000        0x8 drivers/built-in.o
 .text.dev_get_of_data
                0x00000000        0xc drivers/built-in.o
 .text.device_get_uclass_id
                0x00000000       0x10 drivers/built-in.o
 .text.dev_get_addr
                0x00000000        0x8 drivers/built-in.o
 .text.device_bind_driver
                0x00000000       0x80 drivers/built-in.o
 .text.dm_uninit
                0x00000000       0x1c drivers/built-in.o
 .text.uclass_destroy
                0x00000000       0xb0 drivers/built-in.o
 .text.uclass_get_device_by_seq
                0x00000000       0x70 drivers/built-in.o
 .text.uclass_get_device_by_of_offset
                0x00000000       0x84 drivers/built-in.o
 .text.uclass_first_device
                0x00000000       0x4c drivers/built-in.o
 .text.uclass_next_device
                0x00000000       0x48 drivers/built-in.o
 .text.dm_dbg   0x00000000       0x28 drivers/built-in.o
 .text.list_count_items
                0x00000000       0x20 drivers/built-in.o
 .text.device_unbind
                0x00000000      0x118 drivers/built-in.o
 .text.board_video_skip
                0x00000000        0x8 drivers/built-in.o
 .text.video_position_cursor
                0x00000000       0x60 drivers/built-in.o
 .text.video_get_pixel_width
                0x00000000       0x14 drivers/built-in.o
 .text.video_get_pixel_height
                0x00000000       0x14 drivers/built-in.o
 .text.video_get_screen_rows
                0x00000000       0x28 drivers/built-in.o
 .text.video_get_screen_columns
                0x00000000       0x18 drivers/built-in.o
 .text.mxs_lcd_get_panel
                0x00000000       0x3c drivers/built-in.o
 .text.video_get_video_mode
                0x00000000      0x184 drivers/built-in.o
 .text.video_get_ctfb_res_modes
                0x00000000       0xf4 drivers/built-in.o
 .text.video_get_option_string
                0x00000000       0xb0 drivers/built-in.o
 .text.video_get_option_int
                0x00000000       0x84 drivers/built-in.o
 .text.video_edid_dtd_to_ctfb_res_modes
                0x00000000      0x268 drivers/built-in.o
 .text.input_tstc
                0x00000000       0x48 drivers/built-in.o
 .text.input_getc
                0x00000000       0x58 drivers/built-in.o
 .text.input_send_keycodes
                0x00000000      0x3bc drivers/built-in.o
 .text.input_add_table
                0x00000000       0x40 drivers/built-in.o
 .text.input_set_delays
                0x00000000        0xc drivers/built-in.o
 .text.input_init
                0x00000000       0xdc drivers/built-in.o
 .text.input_stdio_register
                0x00000000       0x54 drivers/built-in.o
 .rodata.__func__.8149
                0x00000000       0x13 drivers/built-in.o
 .rodata.__func__.8141
                0x00000000       0x18 drivers/built-in.o
 .rodata.vesa_modes
                0x00000000       0xe4 drivers/built-in.o
 .rodata.kbd_to_ansi364
                0x00000000       0x20 drivers/built-in.o
 .rodata.kbd_plain_xlate
                0x00000000       0x63 drivers/built-in.o
 .rodata.CSWTCH.28
                0x00000000        0xd drivers/built-in.o
 .data          0x00000000        0x0 drivers/built-in.o
 .data.kbd_ctrl_xlate
                0x00000000       0x63 drivers/built-in.o
 .data.kbd_shift_xlate
                0x00000000       0x63 drivers/built-in.o
 .bss           0x00000000        0x0 drivers/built-in.o
 .bss.desc      0x00000000       0x80 drivers/built-in.o
 .text          0x00000000        0x0 drivers/dma/built-in.o
 .text.mxs_dma_circ_start
                0x00000000       0x6c drivers/dma/built-in.o
 .data          0x00000000        0x0 drivers/dma/built-in.o
 .bss           0x00000000        0x0 drivers/dma/built-in.o
 .text          0x00000000        0x0 drivers/gpio/built-in.o
 .text.gpio_free
                0x00000000        0x8 drivers/gpio/built-in.o
 .data          0x00000000        0x0 drivers/gpio/built-in.o
 .bss           0x00000000        0x0 drivers/gpio/built-in.o
 .text          0x00000000        0x0 drivers/i2c/built-in.o
 .text.i2c_reloc_fixup
                0x00000000        0x4 drivers/i2c/built-in.o
 .text.i2c_init_board
                0x00000000        0x4 drivers/i2c/built-in.o
 .text.i2c_reg_read
                0x00000000       0x20 drivers/i2c/built-in.o
 .text.i2c_reg_write
                0x00000000       0x20 drivers/i2c/built-in.o
 .text.i2c_get_base
                0x00000000       0x14 drivers/i2c/built-in.o
 .data          0x00000000        0x0 drivers/i2c/built-in.o
 .bss           0x00000000        0x0 drivers/i2c/built-in.o
 .text          0x00000000        0x0 drivers/mmc/built-in.o
 .text.fdt_fixup_esdhc
                0x00000000       0x5c drivers/mmc/built-in.o
 .text.board_mmc_getcd
                0x00000000        0x8 drivers/mmc/built-in.o
 .text.mmc_register
                0x00000000       0x20 drivers/mmc/built-in.o
 .text.mmc_destroy
                0x00000000        0x4 drivers/mmc/built-in.o
 .text.cpu_mmc_init
                0x00000000        0x8 drivers/mmc/built-in.o
 .text.board_mmc_init
                0x00000000        0x8 drivers/mmc/built-in.o
 .text.mmc_set_preinit
                0x00000000        0x8 drivers/mmc/built-in.o
 .rodata.__func__.7278
                0x00000000        0xd drivers/mmc/built-in.o
 .data          0x00000000        0x0 drivers/mmc/built-in.o
 .bss           0x00000000        0x0 drivers/mmc/built-in.o
 .text          0x00000000        0x0 drivers/mtd/built-in.o
 .text.idr_remove
                0x00000000       0x14 drivers/mtd/built-in.o
 .text.idr_find
                0x00000000       0x14 drivers/mtd/built-in.o
 .text.idr_alloc
                0x00000000       0x3c drivers/mtd/built-in.o
 .text.mtd_get_unmapped_area
                0x00000000       0x60 drivers/mtd/built-in.o
 .text.mtd_panic_write
                0x00000000       0xa0 drivers/mtd/built-in.o
 .text.mtd_get_fact_prot_info
                0x00000000       0x34 drivers/mtd/built-in.o
 .text.mtd_read_fact_prot_reg
                0x00000000       0x44 drivers/mtd/built-in.o
 .text.mtd_get_user_prot_info
                0x00000000       0x34 drivers/mtd/built-in.o
 .text.mtd_read_user_prot_reg
                0x00000000       0x44 drivers/mtd/built-in.o
 .text.mtd_write_user_prot_reg
                0x00000000       0x64 drivers/mtd/built-in.o
 .text.mtd_lock_user_prot_reg
                0x00000000       0x2c drivers/mtd/built-in.o
 .text.mtd_lock
                0x00000000       0x74 drivers/mtd/built-in.o
 .text.mtd_is_locked
                0x00000000       0x74 drivers/mtd/built-in.o
 .data          0x00000000        0x0 drivers/mtd/built-in.o
 .bss           0x00000000        0x0 drivers/mtd/built-in.o
 .bss.mtd_table
                0x00000000       0x80 drivers/mtd/built-in.o
 .text          0x00000000        0x0 drivers/mtd/nand/built-in.o
 .data          0x00000000        0x0 drivers/mtd/nand/built-in.o
 .data.nand_manuf_ids
                0x00000000       0x70 drivers/mtd/nand/built-in.o
 .bss           0x00000000        0x0 drivers/mtd/nand/built-in.o
 .text          0x00000000        0x0 drivers/mtd/ubi/built-in.o
 .text.ubi_enumerate_volumes
                0x00000000       0x48 drivers/mtd/ubi/built-in.o
 .text.ubi_get_by_major
                0x00000000       0x50 drivers/mtd/ubi/built-in.o
 .text.ubi_major2num
                0x00000000       0x44 drivers/mtd/ubi/built-in.o
 .text.ubi_vtbl_rename_volumes
                0x00000000      0x134 drivers/mtd/ubi/built-in.o
 .text.ubi_remove_volume
                0x00000000       0xf4 drivers/mtd/ubi/built-in.o
 .text.ubi_rename_volumes
                0x00000000       0xa4 drivers/mtd/ubi/built-in.o
 .text.ubi_start_leb_change
                0x00000000       0xd0 drivers/mtd/ubi/built-in.o
 .text.ubi_more_leb_change_data
                0x00000000      0x118 drivers/mtd/ubi/built-in.o
 .text.ubi_leb_write
                0x00000000       0xd0 drivers/mtd/ubi/built-in.o
 .text.ubi_leb_change
                0x00000000       0xc4 drivers/mtd/ubi/built-in.o
 .text.ubi_leb_erase
                0x00000000       0x8c drivers/mtd/ubi/built-in.o
 .text.ubi_leb_map
                0x00000000       0x90 drivers/mtd/ubi/built-in.o
 .text.ubi_sync
                0x00000000       0x3c drivers/mtd/ubi/built-in.o
 .text.ubi_flush
                0x00000000       0x40 drivers/mtd/ubi/built-in.o
 .text.ubi_next_sqnum
                0x00000000       0x1c drivers/mtd/ubi/built-in.o
 .text.ubi_eba_atomic_leb_change
                0x00000000      0x364 drivers/mtd/ubi/built-in.o
 .text.self_check_eba
                0x00000000      0x21c drivers/mtd/ubi/built-in.o
 .text.ubi_thread
                0x00000000       0xb8 drivers/mtd/ubi/built-in.o
 .text.ubi_dump_mkvol_req
                0x00000000       0x1c drivers/mtd/ubi/built-in.o
 .data          0x00000000        0x0 drivers/mtd/ubi/built-in.o
 .bss           0x00000000        0x0 drivers/mtd/ubi/built-in.o
 .text          0x00000000        0x0 drivers/net/built-in.o
 .data          0x00000000        0x0 drivers/net/built-in.o
 .bss           0x00000000        0x0 drivers/net/built-in.o
 .text          0x00000000        0x0 drivers/net/phy/built-in.o
 .text.miiphy_reset
                0x00000000       0x24 drivers/net/phy/built-in.o
 .text.phy_connect
                0x00000000       0x50 drivers/net/phy/built-in.o
 .text.board_phy_config
                0x00000000       0x1c drivers/net/phy/built-in.o
 .text.phy_shutdown
                0x00000000       0x28 drivers/net/phy/built-in.o
 .data          0x00000000        0x0 drivers/net/phy/built-in.o
 .bss           0x00000000        0x0 drivers/net/phy/built-in.o
 .text          0x00000000        0x0 drivers/serial/built-in.o
 .text.serial_reinit_all
                0x00000000       0x2c drivers/serial/built-in.o
 .data          0x00000000        0x0 drivers/serial/built-in.o
 .bss           0x00000000        0x0 drivers/serial/built-in.o
 .text          0x00000000        0x0 drivers/spi/built-in.o
 .text.spi_set_wordlen
                0x00000000       0x30 drivers/spi/built-in.o
 .text.spi_do_alloc_slave
                0x00000000       0x4c drivers/spi/built-in.o
 .rodata.str1.1
                0x00000000       0x19 drivers/spi/built-in.o
 .data          0x00000000        0x0 drivers/spi/built-in.o
 .bss           0x00000000        0x0 drivers/spi/built-in.o
 .comment       0x00000000       0x64 drivers/spi/built-in.o
 .note.GNU-stack
                0x00000000        0x0 drivers/spi/built-in.o
 .ARM.attributes
                0x00000000       0x33 drivers/spi/built-in.o
 .debug_aranges
                0x00000000       0x28 drivers/spi/built-in.o
 .debug_info    0x00000000      0x515 drivers/spi/built-in.o
 .debug_abbrev  0x00000000      0x1a5 drivers/spi/built-in.o
 .debug_line    0x00000000      0x10d drivers/spi/built-in.o
 .debug_frame   0x00000000       0x4c drivers/spi/built-in.o
 .debug_str     0x00000000      0x4a7 drivers/spi/built-in.o
 .debug_loc     0x00000000      0x10f drivers/spi/built-in.o
 .debug_ranges  0x00000000       0x18 drivers/spi/built-in.o
 .text          0x00000000        0x0 drivers/usb/eth/built-in.o
 .text.is_eth_dev_on_usb_host
                0x00000000       0x60 drivers/usb/eth/built-in.o
 .data          0x00000000        0x0 drivers/usb/eth/built-in.o
 .bss           0x00000000        0x0 drivers/usb/eth/built-in.o
 .text          0x00000000        0x0 drivers/usb/host/built-in.o
 .text.ehci_get_port_speed
                0x00000000        0x8 drivers/usb/host/built-in.o
 .text.ehci_set_usbmode
                0x00000000       0x24 drivers/usb/host/built-in.o
 .text.board_usb_phy_mode
                0x00000000        0x4 drivers/usb/host/built-in.o
 .text.board_ehci_hcd_init
                0x00000000        0x8 drivers/usb/host/built-in.o
 .data          0x00000000        0x0 drivers/usb/host/built-in.o
 .bss           0x00000000        0x0 drivers/usb/host/built-in.o
 .text          0x00000000        0x0 fs/built-in.o
 .text.fs_uuid  0x00000000       0x28 fs/built-in.o
 .text.fs_write
                0x00000000       0x88 fs/built-in.o
 .text.do_save  0x00000000      0x180 fs/built-in.o
 .text.do_fs_uuid
                0x00000000       0x8c fs/built-in.o
 .text.do_fs_type
                0x00000000       0x70 fs/built-in.o
 .text.fat_register_device
                0x00000000       0x88 fs/built-in.o
 .text.file_fat_read
                0x00000000       0x38 fs/built-in.o
 .text.file_getfsname
                0x00000000       0x14 fs/built-in.o
 .text.file_cd  0x00000000      0x1bc fs/built-in.o
 .text.file_detectfs
                0x00000000       0x40 fs/built-in.o
 .text.file_ls  0x00000000       0x98 fs/built-in.o
 .text.file_read
                0x00000000       0xa8 fs/built-in.o
 .text.ubifs_leb_write
                0x00000000       0x48 fs/built-in.o
 .text.ubifs_leb_change
                0x00000000       0x44 fs/built-in.o
 .text.ubifs_leb_map
                0x00000000       0x44 fs/built-in.o
 .text.ubifs_prepare_node
                0x00000000      0x128 fs/built-in.o
 .text.ubifs_prep_grp_node
                0x00000000       0xfc fs/built-in.o
 .text.ubifs_wbuf_sync_nolock
                0x00000000      0x120 fs/built-in.o
 .text.ubifs_wbuf_add_ino_nolock
                0x00000000       0x2c fs/built-in.o
 .text.ubifs_sync_wbufs_by_inode
                0x00000000       0x8c fs/built-in.o
 .text.set_anon_super
                0x00000000        0x8 fs/built-in.o
 .text.iget_failed
                0x00000000        0x4 fs/built-in.o
 .text.unlock_new_inode
                0x00000000        0x4 fs/built-in.o
 .text.fixup_leb
                0x00000000       0x60 fs/built-in.o
 .text.ubifs_write_sb_node
                0x00000000       0x40 fs/built-in.o
 .text.ubifs_fixup_free_space
                0x00000000      0x1fc fs/built-in.o
 .text.pack_bits
                0x00000000       0xd0 fs/built-in.o
 .text.scan_get_pnode
                0x00000000      0x17c fs/built-in.o
 .text.ubifs_pack_pnode
                0x00000000       0xec fs/built-in.o
 .text.ubifs_pack_nnode
                0x00000000       0xe0 fs/built-in.o
 .text.ubifs_pack_ltab
                0x00000000       0xb4 fs/built-in.o
 .text.ubifs_pack_lsave
                0x00000000       0x9c fs/built-in.o
 .text.ubifs_create_dflt_lpt
                0x00000000      0x848 fs/built-in.o
 .text.scan_get_nnode
                0x00000000      0x120 fs/built-in.o
 .text.ubifs_lpt_lookup
                0x00000000       0x9c fs/built-in.o
 .text.ubifs_lpt_scan_nolock
                0x00000000      0x324 fs/built-in.o
 .text.dbg_check_lpt_nodes
                0x00000000        0x8 fs/built-in.o
 .text.first_dirty_cnode
                0x00000000       0x44 fs/built-in.o
 .text.alloc_lpt_leb
                0x00000000       0xdc fs/built-in.o
 .text.need_write_all
                0x00000000       0xa0 fs/built-in.o
 .text.lpt_tgc_start
                0x00000000       0x78 fs/built-in.o
 .text.pnode_lookup
                0x00000000       0x84 fs/built-in.o
 .text.do_make_pnode_dirty
                0x00000000       0xa8 fs/built-in.o
 .text.lpt_gc   0x00000000      0x448 fs/built-in.o
 .text.ubifs_lpt_start_commit
                0x00000000      0x8ec fs/built-in.o
 .text.ubifs_lpt_post_commit
                0x00000000       0xa0 fs/built-in.o
 .text.ubifs_ensure_cat
                0x00000000       0x58 fs/built-in.o
 .text.ubifs_get_lp_stats
                0x00000000       0x14 fs/built-in.o
 .text.ubifs_read_one_lp
                0x00000000       0x30 fs/built-in.o
 .text.ubifs_fast_find_free
                0x00000000       0x18 fs/built-in.o
 .text.ubifs_fast_find_empty
                0x00000000       0x14 fs/built-in.o
 .text.ubifs_fast_find_freeable
                0x00000000       0x14 fs/built-in.o
 .text.ubifs_fast_find_frdi_idx
                0x00000000       0x14 fs/built-in.o
 .text.dbg_check_cats
                0x00000000        0x8 fs/built-in.o
 .text.dbg_check_heap
                0x00000000        0x4 fs/built-in.o
 .text.dbg_check_lprops
                0x00000000        0x8 fs/built-in.o
 .text.left_znode
                0x00000000       0x70 fs/built-in.o
 .text.lookup_znode
                0x00000000      0x2c4 fs/built-in.o
 .text.ubifs_tnc_get_bu_keys
                0x00000000      0x258 fs/built-in.o
 .text.ubifs_tnc_bulk_read
                0x00000000      0x1e0 fs/built-in.o
 .text.ubifs_tnc_lookup_nm
                0x00000000       0xd8 fs/built-in.o
 .text.ubifs_tnc_replace
                0x00000000      0x300 fs/built-in.o
 .text.is_idx_node_in_tnc
                0x00000000       0x38 fs/built-in.o
 .text.ubifs_tnc_has_node
                0x00000000      0x1cc fs/built-in.o
 .text.ubifs_dirty_idx_node
                0x00000000       0x48 fs/built-in.o
 .text.dbg_check_inode_size
                0x00000000        0x8 fs/built-in.o
 .text.ubifs_tnc_levelorder_next
                0x00000000      0x160 fs/built-in.o
 .text.dump_znode
                0x00000000        0x8 fs/built-in.o
 .text.dbg_snprintf_key
                0x00000000       0xfc fs/built-in.o
 .text.dbg_ntype
                0x00000000       0x1c fs/built-in.o
 .text.dbg_cstate
                0x00000000       0x1c fs/built-in.o
 .text.dbg_jhead
                0x00000000       0x1c fs/built-in.o
 .text.ubifs_dump_budget_req
                0x00000000        0x4 fs/built-in.o
 .text.ubifs_dump_lstats
                0x00000000        0x4 fs/built-in.o
 .text.ubifs_dump_budg
                0x00000000        0x4 fs/built-in.o
 .text.ubifs_dump_lprop
                0x00000000       0x3c fs/built-in.o
 .text.ubifs_dump_lprops
                0x00000000       0x50 fs/built-in.o
 .text.ubifs_dump_lpt_info
                0x00000000        0x4 fs/built-in.o
 .text.ubifs_dump_sleb
                0x00000000       0x14 fs/built-in.o
 .text.ubifs_dump_leb
                0x00000000       0x70 fs/built-in.o
 .text.ubifs_dump_heap
                0x00000000        0x4 fs/built-in.o
 .text.ubifs_dump_tnc
                0x00000000       0x24 fs/built-in.o
 .text.dbg_walk_index
                0x00000000      0x198 fs/built-in.o
 .text.ubifs_dump_index
                0x00000000       0x14 fs/built-in.o
 .text.add_node
                0x00000000       0xd0 fs/built-in.o
 .text.destroy_done_tree
                0x00000000       0x30 fs/built-in.o
 .text.ubifs_add_bud_to_log
                0x00000000      0x294 fs/built-in.o
 .text.ubifs_log_start_commit
                0x00000000      0x30c fs/built-in.o
 .text.ubifs_log_end_commit
                0x00000000       0x2c fs/built-in.o
 .text.ubifs_log_post_commit
                0x00000000       0xb0 fs/built-in.o
 .text.ubifs_consolidate_log
                0x00000000      0x2ac fs/built-in.o
 .text.ubifs_add_orphan
                0x00000000      0x110 fs/built-in.o
 .text.ubifs_delete_orphan
                0x00000000       0xd0 fs/built-in.o
 .text.ubifs_orphan_start_commit
                0x00000000       0x74 fs/built-in.o
 .text.ubifs_orphan_end_commit
                0x00000000      0x3ac fs/built-in.o
 .text.recover_head
                0x00000000       0xd4 fs/built-in.o
 .text.ubifs_write_rcvrd_mst_node
                0x00000000      0x158 fs/built-in.o
 .text.ubifs_recover_inl_heads
                0x00000000       0x3c fs/built-in.o
 .text.ubifs_clean_lebs
                0x00000000      0x1c8 fs/built-in.o
 .text.ubifs_rcvry_gc_commit
                0x00000000        0x8 fs/built-in.o
 .rodata.filesystems
                0x00000000       0x18 fs/built-in.o
 .rodata.CSWTCH.39
                0x00000000       0x14 fs/built-in.o
 .rodata.CSWTCH.46
                0x00000000       0x18 fs/built-in.o
 .rodata.CSWTCH.48
                0x00000000        0xc fs/built-in.o
 .rodata.CSWTCH.44
                0x00000000       0x30 fs/built-in.o
 .data          0x00000000        0x0 fs/built-in.o
 .data.file_cwd
                0x00000000      0x200 fs/built-in.o
 .data.current_filesystem
                0x00000000        0x4 fs/built-in.o
 .bss           0x00000000        0x0 fs/built-in.o
 .text          0x00000000        0x0 lib/built-in.o
 .text.inflateInit_
                0x00000000       0x10 lib/built-in.o
 .text.fdt_first_subnode
                0x00000000       0x34 lib/built-in.o
 .text.fdt_next_subnode
                0x00000000       0x50 lib/built-in.o
 .text.fdt_getprop_by_offset
                0x00000000       0x48 lib/built-in.o
 .text.fdt_get_phandle
                0x00000000       0x70 lib/built-in.o
 .text.fdt_get_alias
                0x00000000       0x28 lib/built-in.o
 .text.fdt_get_path
                0x00000000      0x138 lib/built-in.o
 .text.fdt_parent_offset
                0x00000000       0x30 lib/built-in.o
 .text.fdt_node_offset_by_prop_value
                0x00000000       0x98 lib/built-in.o
 .text.fdt_node_offset_by_phandle
                0x00000000       0x74 lib/built-in.o
 .text.fdt_stringlist_contains
                0x00000000       0x7c lib/built-in.o
 .text.fdt_count_strings
                0x00000000       0x5c lib/built-in.o
 .text.fdt_find_string
                0x00000000       0x8c lib/built-in.o
 .text.fdt_get_string_index
                0x00000000       0x64 lib/built-in.o
 .text.fdt_get_string
                0x00000000       0x18 lib/built-in.o
 .text.fdt_node_check_compatible
                0x00000000       0x40 lib/built-in.o
 .text.fdt_node_offset_by_compatible
                0x00000000       0x70 lib/built-in.o
 .text.fdt_set_name
                0x00000000       0x88 lib/built-in.o
 .text.fdt_appendprop
                0x00000000       0xd4 lib/built-in.o
 .text.fdt_pack
                0x00000000       0x5c lib/built-in.o
 .text._fdt_sw_check_header
                0x00000000       0x1c lib/built-in.o
 .text._fdt_grab_space
                0x00000000       0x64 lib/built-in.o
 .text.fdt_create
                0x00000000       0x64 lib/built-in.o
 .text.fdt_resize
                0x00000000       0xb4 lib/built-in.o
 .text.fdt_add_reservemap_entry
                0x00000000       0x90 lib/built-in.o
 .text.fdt_finish_reservemap
                0x00000000       0x1c lib/built-in.o
 .text.fdt_begin_node
                0x00000000       0x68 lib/built-in.o
 .text.fdt_end_node
                0x00000000       0x40 lib/built-in.o
 .text.fdt_property
                0x00000000      0x114 lib/built-in.o
 .text.fdt_finish
                0x00000000      0x100 lib/built-in.o
 .text.fdt_setprop_inplace
                0x00000000       0x44 lib/built-in.o
 .text.fdt_nop_property
                0x00000000       0x40 lib/built-in.o
 .text.fdt_nop_node
                0x00000000       0x50 lib/built-in.o
 .text.fdt_find_regions
                0x00000000      0x39c lib/built-in.o
 .text.fdt_create_empty_tree
                0x00000000       0x74 lib/built-in.o
 .text.crc7     0x00000000       0x24 lib/built-in.o
 .text.crc8     0x00000000       0x40 lib/built-in.o
 .text.lmb_dump_all
                0x00000000        0x4 lib/built-in.o
 .text.lmb_is_reserved
                0x00000000       0x5c lib/built-in.o
 .text.arch_lmb_reserve
                0x00000000        0x4 lib/built-in.o
 .text.ldiv     0x00000000       0x50 lib/built-in.o
 .text.strmhz   0x00000000       0x64 lib/built-in.o
 .text.__rb_erase_color
                0x00000000      0x250 lib/built-in.o
 .text.__rb_insert_augmented
                0x00000000      0x198 lib/built-in.o
 .text.rb_prev  0x00000000       0x60 lib/built-in.o
 .text.rb_replace_node
                0x00000000       0x60 lib/built-in.o
 .text.crc32_wd_buf
                0x00000000       0x38 lib/built-in.o
 .text.strncasecmp
                0x00000000       0x9c lib/built-in.o
 .text.strcasecmp
                0x00000000        0x8 lib/built-in.o
 .text.strspn   0x00000000       0x3c lib/built-in.o
 .text.strtok   0x00000000       0x88 lib/built-in.o
 .text.strswab  0x00000000       0x48 lib/built-in.o
 .text.bcopy    0x00000000       0x24 lib/built-in.o
 .text.memscan  0x00000000       0x2c lib/built-in.o
 .text.memchr_inv
                0x00000000      0x130 lib/built-in.o
 .text.tick_to_time
                0x00000000       0x64 lib/built-in.o
 .text.get_ticks
                0x00000000       0x40 lib/built-in.o
 .text.timer_init
                0x00000000        0x8 lib/built-in.o
 .text.get_timer
                0x00000000       0x18 lib/built-in.o
 .text.timer_get_us
                0x00000000       0x24 lib/built-in.o
 .text.__udelay
                0x00000000       0x9c lib/built-in.o
 .text.vsnprintf
                0x00000000        0x4 lib/built-in.o
 .text.scnprintf
                0x00000000       0x28 lib/built-in.o
 .text.__assert_fail
                0x00000000       0x14 lib/built-in.o
 .text.print_grouped_ull
                0x00000000       0x88 lib/built-in.o
 .rodata.z_errmsg
                0x00000000       0x28 lib/built-in.o
 .rodata.crc7_syndrome_table
                0x00000000      0x100 lib/built-in.o
 .data          0x00000000        0x0 lib/built-in.o
 .data.cur      0x00000000        0x4 lib/built-in.o
 .data.current  0x00000000        0x4 lib/built-in.o
 .bss           0x00000000        0x0 lib/built-in.o
 .bss.___strtok
                0x00000000        0x4 lib/built-in.o
 .text          0x00000000        0x0 net/built-in.o
 .text.add_ip_checksums
                0x00000000       0x3c net/built-in.o
 .text.eth_get_dev_by_name
                0x00000000       0x84 net/built-in.o
 .text.net_get_udp_handler
                0x00000000       0x10 net/built-in.o
 .text.net_set_arp_handler
                0x00000000       0x20 net/built-in.o
 .text.random_port
                0x00000000       0x18 net/built-in.o
 .text.VLAN_to_string
                0x00000000       0x44 net/built-in.o
 .rodata.__FUNCTION__.7196
                0x00000000       0x14 net/built-in.o
 .data          0x00000000        0x0 net/built-in.o
 .data.TftpRRQTimeoutMSecs
                0x00000000        0x4 net/built-in.o
 .bss           0x00000000        0x0 net/built-in.o
 .bss.net_busy_flag
                0x00000000        0x4 net/built-in.o
 .text          0x00000000        0x0 test/dm/built-in.o
 .data          0x00000000        0x0 test/dm/built-in.o
 .bss           0x00000000        0x0 test/dm/built-in.o
 .text          0x00000000        0x0 arch/arm/lib/eabi_compat.o
 .data          0x00000000        0x0 arch/arm/lib/eabi_compat.o
 .bss           0x00000000        0x0 arch/arm/lib/eabi_compat.o
 .text.__aeabi_unwind_cpp_pr0
                0x00000000        0x4 arch/arm/lib/eabi_compat.o
 .text.__aeabi_unwind_cpp_pr1
                0x00000000        0x4 arch/arm/lib/eabi_compat.o
 .text.__aeabi_memcpy
                0x00000000        0x4 arch/arm/lib/eabi_compat.o
 .text.__aeabi_memset
                0x00000000       0x10 arch/arm/lib/eabi_compat.o
 .data          0x00000000        0x0 /opt/gcc-linaro-arm-linux-gnueabihf-4.9-2014.09_linux/bin/../lib/gcc/arm-linux-gnueabihf/4.9.2/libgcc.a(_udivsi3.o)
 .bss           0x00000000        0x0 /opt/gcc-linaro-arm-linux-gnueabihf-4.9-2014.09_linux/bin/../lib/gcc/arm-linux-gnueabihf/4.9.2/libgcc.a(_udivsi3.o)
 .data          0x00000000        0x0 /opt/gcc-linaro-arm-linux-gnueabihf-4.9-2014.09_linux/bin/../lib/gcc/arm-linux-gnueabihf/4.9.2/libgcc.a(_divsi3.o)
 .bss           0x00000000        0x0 /opt/gcc-linaro-arm-linux-gnueabihf-4.9-2014.09_linux/bin/../lib/gcc/arm-linux-gnueabihf/4.9.2/libgcc.a(_divsi3.o)
 .data          0x00000000        0x0 /opt/gcc-linaro-arm-linux-gnueabihf-4.9-2014.09_linux/bin/../lib/gcc/arm-linux-gnueabihf/4.9.2/libgcc.a(_lshrdi3.o)
 .bss           0x00000000        0x0 /opt/gcc-linaro-arm-linux-gnueabihf-4.9-2014.09_linux/bin/../lib/gcc/arm-linux-gnueabihf/4.9.2/libgcc.a(_lshrdi3.o)
 .data          0x00000000        0x0 /opt/gcc-linaro-arm-linux-gnueabihf-4.9-2014.09_linux/bin/../lib/gcc/arm-linux-gnueabihf/4.9.2/libgcc.a(_ashrdi3.o)
 .bss           0x00000000        0x0 /opt/gcc-linaro-arm-linux-gnueabihf-4.9-2014.09_linux/bin/../lib/gcc/arm-linux-gnueabihf/4.9.2/libgcc.a(_ashrdi3.o)
 .data          0x00000000        0x0 /opt/gcc-linaro-arm-linux-gnueabihf-4.9-2014.09_linux/bin/../lib/gcc/arm-linux-gnueabihf/4.9.2/libgcc.a(_ashldi3.o)
 .bss           0x00000000        0x0 /opt/gcc-linaro-arm-linux-gnueabihf-4.9-2014.09_linux/bin/../lib/gcc/arm-linux-gnueabihf/4.9.2/libgcc.a(_ashldi3.o)
 .data          0x00000000        0x0 /opt/gcc-linaro-arm-linux-gnueabihf-4.9-2014.09_linux/bin/../lib/gcc/arm-linux-gnueabihf/4.9.2/libgcc.a(_aeabi_ldivmod.o)
 .bss           0x00000000        0x0 /opt/gcc-linaro-arm-linux-gnueabihf-4.9-2014.09_linux/bin/../lib/gcc/arm-linux-gnueabihf/4.9.2/libgcc.a(_aeabi_ldivmod.o)
 .data          0x00000000        0x0 /opt/gcc-linaro-arm-linux-gnueabihf-4.9-2014.09_linux/bin/../lib/gcc/arm-linux-gnueabihf/4.9.2/libgcc.a(_dvmd_lnx.o)
 .bss           0x00000000        0x0 /opt/gcc-linaro-arm-linux-gnueabihf-4.9-2014.09_linux/bin/../lib/gcc/arm-linux-gnueabihf/4.9.2/libgcc.a(_dvmd_lnx.o)
 .data          0x00000000        0x0 /opt/gcc-linaro-arm-linux-gnueabihf-4.9-2014.09_linux/bin/../lib/gcc/arm-linux-gnueabihf/4.9.2/libgcc.a(bpabi.o)
 .bss           0x00000000        0x0 /opt/gcc-linaro-arm-linux-gnueabihf-4.9-2014.09_linux/bin/../lib/gcc/arm-linux-gnueabihf/4.9.2/libgcc.a(bpabi.o)
 .data          0x00000000        0x0 /opt/gcc-linaro-arm-linux-gnueabihf-4.9-2014.09_linux/bin/../lib/gcc/arm-linux-gnueabihf/4.9.2/libgcc.a(_divdi3.o)
 .bss           0x00000000        0x0 /opt/gcc-linaro-arm-linux-gnueabihf-4.9-2014.09_linux/bin/../lib/gcc/arm-linux-gnueabihf/4.9.2/libgcc.a(_divdi3.o)
 .ARM.extab     0x00000000        0x0 /opt/gcc-linaro-arm-linux-gnueabihf-4.9-2014.09_linux/bin/../lib/gcc/arm-linux-gnueabihf/4.9.2/libgcc.a(_divdi3.o)
 .data          0x00000000        0x0 /opt/gcc-linaro-arm-linux-gnueabihf-4.9-2014.09_linux/bin/../lib/gcc/arm-linux-gnueabihf/4.9.2/libgcc.a(_udivdi3.o)
 .bss           0x00000000        0x0 /opt/gcc-linaro-arm-linux-gnueabihf-4.9-2014.09_linux/bin/../lib/gcc/arm-linux-gnueabihf/4.9.2/libgcc.a(_udivdi3.o)
 .ARM.extab     0x00000000        0x0 /opt/gcc-linaro-arm-linux-gnueabihf-4.9-2014.09_linux/bin/../lib/gcc/arm-linux-gnueabihf/4.9.2/libgcc.a(_udivdi3.o)

内存配置

名称           来源             长度             属性
*default*        0x00000000         0xffffffff

Linker script and memory map

Address of section .text set to 0x86800000
                0x00000000                . = 0x0
                0x00000000                . = ALIGN (0x4)

.text           0x86800000    0x53984
 *(.__image_copy_start)
 .__image_copy_start
                0x86800000        0x0 arch/arm/lib/built-in.o
                0x86800000                __image_copy_start
 *(.vectors)
 .vectors       0x86800000      0x300 arch/arm/lib/built-in.o
                0x86800000                _start
                0x86800020                _undefined_instruction
                0x86800024                _software_interrupt
                0x86800028                _prefetch_abort
                0x8680002c                _data_abort
                0x86800030                _not_used
                0x86800034                _irq
                0x86800038                _fiq
                0x86800040                IRQ_STACK_START_IN
 arch/arm/cpu/armv7/start.o(.text*)
 .text          0x86800300       0xb0 arch/arm/cpu/armv7/start.o
                0x86800300                reset
                0x86800304                save_boot_params_ret
                0x86800340                c_runtime_cpu_setup
                0x86800350                save_boot_params
                0x86800354                cpu_init_cp15
                0x868003a8                cpu_init_crit
 *(.text*)
 .text          0x868003b0       0x1c arch/arm/cpu/armv7/built-in.o
                0x868003b0                lowlevel_init
 .text.v7_maint_dcache_all
                0x868003cc       0xd0 arch/arm/cpu/armv7/built-in.o
 .text.invalidate_icache_all
                0x8680049c       0x18 arch/arm/cpu/armv7/built-in.o
                0x8680049c                invalidate_icache_all
 .text.v7_outer_cache_enable
                0x868004b4        0x4 arch/arm/cpu/armv7/built-in.o
                0x868004b4                v7_outer_cache_enable
 .text.v7_outer_cache_disable
                0x868004b8        0x4 arch/arm/cpu/armv7/built-in.o
                0x868004b8                v7_outer_cache_disable
 .text.v7_outer_cache_flush_all
                0x868004bc        0x4 arch/arm/cpu/armv7/built-in.o
                0x868004bc                v7_outer_cache_flush_all
 .text.flush_dcache_all
                0x868004c0       0x14 arch/arm/cpu/armv7/built-in.o
                0x868004c0                flush_dcache_all
 .text.v7_outer_cache_inval_all
                0x868004d4        0x4 arch/arm/cpu/armv7/built-in.o
                0x868004d4                v7_outer_cache_inval_all
 .text.invalidate_dcache_all
                0x868004d8       0x14 arch/arm/cpu/armv7/built-in.o
                0x868004d8                invalidate_dcache_all
 .text.arm_init_before_mmu
                0x868004ec       0x28 arch/arm/cpu/armv7/built-in.o
                0x868004ec                arm_init_before_mmu
 .text.v7_outer_cache_flush_range
                0x86800514        0x4 arch/arm/cpu/armv7/built-in.o
                0x86800514                v7_outer_cache_flush_range
 .text.flush_dcache_range
                0x86800518       0x3c arch/arm/cpu/armv7/built-in.o
                0x86800518                flush_dcache_range
 .text.mmu_page_table_flush
                0x86800554       0x24 arch/arm/cpu/armv7/built-in.o
                0x86800554                mmu_page_table_flush
 .text.flush_cache
                0x86800578        0x8 arch/arm/cpu/armv7/built-in.o
                0x86800578                flush_cache
 .text.v7_outer_cache_inval_range
                0x86800580        0x4 arch/arm/cpu/armv7/built-in.o
                0x86800580                v7_outer_cache_inval_range
 .text.invalidate_dcache_range
                0x86800584       0xac arch/arm/cpu/armv7/built-in.o
                0x86800584                invalidate_dcache_range
 .text.cpu_cache_initialization
                0x86800630        0x4 arch/arm/cpu/armv7/built-in.o
                0x86800630                cpu_cache_initialization
 .text.cleanup_before_linux
                0x86800634       0x28 arch/arm/cpu/armv7/built-in.o
                0x86800634                cleanup_before_linux
 .text.get_cpu_rev
                0x8680065c       0x68 arch/arm/cpu/armv7/built-in.o
                0x8680065c                get_cpu_rev
 .text.init_aips
                0x868006c4       0x58 arch/arm/cpu/armv7/built-in.o
                0x868006c4                init_aips
 .text.arch_cpu_init
                0x8680071c      0x144 arch/arm/cpu/armv7/built-in.o
                0x8680071c                arch_cpu_init
 .text.board_postclk_init
                0x86800860       0x58 arch/arm/cpu/armv7/built-in.o
                0x86800860                board_postclk_init
 .text.enable_caches
                0x868008b8       0x34 arch/arm/cpu/armv7/built-in.o
                0x868008b8                enable_caches
 .text.imx_get_mac_from_fuse
                0x868008ec       0x78 arch/arm/cpu/armv7/built-in.o
                0x868008ec                imx_get_mac_from_fuse
 .text.boot_mode_apply
                0x86800964       0x24 arch/arm/cpu/armv7/built-in.o
                0x86800964                boot_mode_apply
 .text.s_init   0x86800988       0x88 arch/arm/cpu/armv7/built-in.o
                0x86800988                s_init
 .text.reset_misc
                0x86800a10       0x1c arch/arm/cpu/armv7/built-in.o
                0x86800a10                reset_misc
 .text.get_ipg_clk
                0x86800a2c       0x28 arch/arm/cpu/armv7/built-in.o
 .text.get_uart_clk
                0x86800a54       0x5c arch/arm/cpu/armv7/built-in.o
 .text.mxc_get_pll_pfd
                0x86800ab0       0x98 arch/arm/cpu/armv7/built-in.o
 .text.get_usdhc_clk
                0x86800b48       0x68 arch/arm/cpu/armv7/built-in.o
 .text.enable_ocotp_clk
                0x86800bb0       0x24 arch/arm/cpu/armv7/built-in.o
                0x86800bb0                enable_ocotp_clk
 .text.enable_usboh3_clk
                0x86800bd4       0x24 arch/arm/cpu/armv7/built-in.o
                0x86800bd4                enable_usboh3_clk
 .text.enable_enet_clk
                0x86800bf8       0x24 arch/arm/cpu/armv7/built-in.o
                0x86800bf8                enable_enet_clk
 .text.get_periph_clk
                0x86800c1c       0xdc arch/arm/cpu/armv7/built-in.o
                0x86800c1c                get_periph_clk
 .text.get_axi_clk
                0x86800cf8       0x4c arch/arm/cpu/armv7/built-in.o
 .text.enable_lcdif_clock
                0x86800d44       0x40 arch/arm/cpu/armv7/built-in.o
                0x86800d44                enable_lcdif_clock
 .text.mxs_set_lcdclk
                0x86800d84      0x230 arch/arm/cpu/armv7/built-in.o
                0x86800d84                mxs_set_lcdclk
 .text.enable_fec_anatop_clock
                0x86800fb4       0x98 arch/arm/cpu/armv7/built-in.o
                0x86800fb4                enable_fec_anatop_clock
 .text.imx_get_uartclk
                0x8680104c        0x4 arch/arm/cpu/armv7/built-in.o
                0x8680104c                imx_get_uartclk
 .text.enable_thermal_clk
                0x86801050       0x48 arch/arm/cpu/armv7/built-in.o
                0x86801050                enable_thermal_clk
 .text.mxc_get_clock
                0x86801098      0x308 arch/arm/cpu/armv7/built-in.o
                0x86801098                mxc_get_clock
 .text.imx_get_fecclk
                0x868013a0        0x8 arch/arm/cpu/armv7/built-in.o
                0x868013a0                imx_get_fecclk
 .text.do_mx6_showclocks
                0x868013a8      0x230 arch/arm/cpu/armv7/built-in.o
                0x868013a8                do_mx6_showclocks
 .text.imx_iomux_v3_setup_pad
                0x868015d8       0xb0 arch/arm/imx-common/built-in.o
                0x868015d8                imx_iomux_v3_setup_pad
 .text.imx_iomux_v3_setup_multiple_pads
                0x86801688       0x2c arch/arm/imx-common/built-in.o
                0x86801688                imx_iomux_v3_setup_multiple_pads
 .text.get_imx_type
                0x868016b4       0x20 arch/arm/imx-common/built-in.o
                0x868016b4                get_imx_type
 .text.print_cpuinfo
                0x868016d4      0x1dc arch/arm/imx-common/built-in.o
                0x868016d4                print_cpuinfo
 .text.cpu_eth_init
                0x868018b0        0x4 arch/arm/imx-common/built-in.o
                0x868018b0                cpu_eth_init
 .text.cpu_mmc_init
                0x868018b4        0x4 arch/arm/imx-common/built-in.o
                0x868018b4                cpu_mmc_init
 .text.get_ahb_clk
                0x868018b8       0x24 arch/arm/imx-common/built-in.o
                0x868018b8                get_ahb_clk
 .text.arch_preboot_os
                0x868018dc        0x4 arch/arm/imx-common/built-in.o
                0x868018dc                arch_preboot_os
 .text.get_clocks
                0x868018e0       0x1c arch/arm/imx-common/built-in.o
                0x868018e0                get_clocks
 .text.mxs_wait_mask_set
                0x868018fc       0x40 arch/arm/imx-common/built-in.o
                0x868018fc                mxs_wait_mask_set
 .text.mxs_wait_mask_clr
                0x8680193c       0x3c arch/arm/imx-common/built-in.o
                0x8680193c                mxs_wait_mask_clr
 .text.mxs_reset_block
                0x86801978       0x90 arch/arm/imx-common/built-in.o
                0x86801978                mxs_reset_block
 .text.timer_init
                0x86801a08       0x3c arch/arm/imx-common/built-in.o
                0x86801a08                timer_init
 .text.get_ticks
                0x86801a44       0x18 arch/arm/imx-common/built-in.o
                0x86801a44                get_ticks
 .text.get_timer_masked
                0x86801a5c       0x58 arch/arm/imx-common/built-in.o
                0x86801a5c                get_timer_masked
 .text.get_timer
                0x86801ab4       0x14 arch/arm/imx-common/built-in.o
                0x86801ab4                get_timer
 .text.__udelay
                0x86801ac8       0x80 arch/arm/imx-common/built-in.o
                0x86801ac8                __udelay
 .text.get_tbclk
                0x86801b48        0x8 arch/arm/imx-common/built-in.o
                0x86801b48                get_tbclk
 .text.create_usage
                0x86801b50       0xa0 arch/arm/imx-common/built-in.o
 .text.do_boot_mode
                0x86801bf0       0xcc arch/arm/imx-common/built-in.o
 .text.add_board_boot_modes
                0x86801cbc       0x60 arch/arm/imx-common/built-in.o
                0x86801cbc                add_board_boot_modes
 .text          0x86801d1c       0xa8 arch/arm/lib/built-in.o
                0x86801d1c                _main
 .text.relocate_vectors
                0x86801dc4       0x70 arch/arm/lib/built-in.o
                0x86801dc4                relocate_vectors
                0x86801dd0                relocate_code
 .text.arch_fixup_fdt
                0x86801e34       0x38 arch/arm/lib/built-in.o
                0x86801e34                arch_fixup_fdt
 .text.boot_jump_linux
                0x86801e6c       0xc4 arch/arm/lib/built-in.o
 .text.arch_lmb_reserve
                0x86801f30       0x24 arch/arm/lib/built-in.o
                0x86801f30                arch_lmb_reserve
 .text.setup_board_tags
                0x86801f54        0x4 arch/arm/lib/built-in.o
                0x86801f54                setup_board_tags
 .text.boot_prep_linux
                0x86801f58      0x194 arch/arm/lib/built-in.o
 .text.do_bootm_linux
                0x868020ec       0x64 arch/arm/lib/built-in.o
                0x868020ec                do_bootm_linux
 .text.bootz_setup
                0x86802150       0x58 arch/arm/lib/built-in.o
                0x86802150                bootz_setup
 .text.boot_prep_vxworks
                0x868021a8       0x50 arch/arm/lib/built-in.o
                0x868021a8                boot_prep_vxworks
 .text.boot_jump_vxworks
                0x868021f8        0xc arch/arm/lib/built-in.o
                0x868021f8                boot_jump_vxworks
 .text.arch_reserve_stacks
                0x86802204       0x1c arch/arm/lib/built-in.o
                0x86802204                arch_reserve_stacks
 .text.interrupt_init
                0x86802220       0x1c arch/arm/lib/built-in.o
                0x86802220                interrupt_init
 .text.enable_interrupts
                0x8680223c        0x4 arch/arm/lib/built-in.o
                0x8680223c                enable_interrupts
 .text.disable_interrupts
                0x86802240        0x8 arch/arm/lib/built-in.o
                0x86802240                disable_interrupts
 .text.bad_mode
                0x86802248       0x10 arch/arm/lib/built-in.o
                0x86802248                bad_mode
 .text.show_regs
                0x86802258      0x174 arch/arm/lib/built-in.o
                0x86802258                show_regs
 .text.do_undefined_instruction
                0x868023cc       0x20 arch/arm/lib/built-in.o
                0x868023cc                do_undefined_instruction
 .text.do_software_interrupt
                0x868023ec       0x20 arch/arm/lib/built-in.o
                0x868023ec                do_software_interrupt
 .text.do_prefetch_abort
                0x8680240c       0x20 arch/arm/lib/built-in.o
                0x8680240c                do_prefetch_abort
 .text.do_data_abort
                0x8680242c       0x20 arch/arm/lib/built-in.o
                0x8680242c                do_data_abort
 .text.do_not_used
                0x8680244c       0x20 arch/arm/lib/built-in.o
                0x8680244c                do_not_used
 .text.do_fiq   0x8680246c       0x20 arch/arm/lib/built-in.o
                0x8680246c                do_fiq
 .text.do_irq   0x8680248c       0x20 arch/arm/lib/built-in.o
                0x8680248c                do_irq
 .text.do_reset
                0x868024ac       0x30 arch/arm/lib/built-in.o
                0x868024ac                do_reset
 .text.cp_delay
                0x868024dc       0x30 arch/arm/lib/built-in.o
 .text.cache_disable
                0x8680250c       0x50 arch/arm/lib/built-in.o
 .text.arm_init_domains
                0x8680255c        0x4 arch/arm/lib/built-in.o
                0x8680255c                arm_init_domains
 .text.set_section_dcache
                0x86802560       0x14 arch/arm/lib/built-in.o
                0x86802560                set_section_dcache
 .text.mmu_set_region_dcache_behaviour
                0x86802574       0x50 arch/arm/lib/built-in.o
                0x86802574                mmu_set_region_dcache_behaviour
 .text.dram_bank_mmu_setup
                0x868025c4       0x44 arch/arm/lib/built-in.o
                0x868025c4                dram_bank_mmu_setup
 .text.icache_enable
                0x86802608       0x18 arch/arm/lib/built-in.o
                0x86802608                icache_enable
 .text.icache_disable
                0x86802620        0x8 arch/arm/lib/built-in.o
                0x86802620                icache_disable
 .text.icache_status
                0x86802628        0xc arch/arm/lib/built-in.o
                0x86802628                icache_status
 .text.dcache_enable
                0x86802634       0x6c arch/arm/lib/built-in.o
                0x86802634                dcache_enable
 .text.dcache_disable
                0x868026a0        0x8 arch/arm/lib/built-in.o
                0x868026a0                dcache_disable
 .text.dcache_status
                0x868026a8        0xc arch/arm/lib/built-in.o
                0x868026a8                dcache_status
 .text.dram_init
                0x868026b4       0x10 board/freescale/mx6g2c/built-in.o
                0x868026b4                dram_init
 .text.board_mmc_getcd
                0x868026c4       0x38 board/freescale/mx6g2c/built-in.o
                0x868026c4                board_mmc_getcd
 .text.board_mmc_init
                0x868026fc       0x5c board/freescale/mx6g2c/built-in.o
                0x868026fc                board_mmc_init
 .text.board_video_skip
                0x86802758      0x148 board/freescale/mx6g2c/built-in.o
                0x86802758                board_video_skip
 .text.board_eth_init
                0x868028a0       0x68 board/freescale/mx6g2c/built-in.o
                0x868028a0                board_eth_init
 .text.board_phy_config
                0x86802908       0x88 board/freescale/mx6g2c/built-in.o
                0x86802908                board_phy_config
 .text.board_usb_phy_mode
                0x86802990       0x14 board/freescale/mx6g2c/built-in.o
                0x86802990                board_usb_phy_mode
 .text.board_ehci_hcd_init
                0x868029a4       0x28 board/freescale/mx6g2c/built-in.o
                0x868029a4                board_ehci_hcd_init
 .text.board_early_init_f
                0x868029cc       0x7c board/freescale/mx6g2c/built-in.o
                0x868029cc                board_early_init_f
 .text.hw_watchdog_reset
                0x86802a48       0x30 board/freescale/mx6g2c/built-in.o
                0x86802a48                hw_watchdog_reset
 .text.wdt_init
                0x86802a78       0x28 board/freescale/mx6g2c/built-in.o
                0x86802a78                wdt_init
 .text.board_init
                0x86802aa0       0xd4 board/freescale/mx6g2c/built-in.o
                0x86802aa0                board_init
 .text.board_late_init
                0x86802b74       0x18 board/freescale/mx6g2c/built-in.o
                0x86802b74                board_late_init
 .text.get_board_rev
                0x86802b8c        0x4 board/freescale/mx6g2c/built-in.o
                0x86802b8c                get_board_rev
 .text.checkboard
                0x86802b90       0x18 board/freescale/mx6g2c/built-in.o
                0x86802b90                checkboard
 .text.do_enable_parallel_lcd
                0x86802ba8       0x20 board/freescale/mx6g2c/built-in.o
                0x86802ba8                do_enable_parallel_lcd
 .text.get_lcd_panels
                0x86802bc8        0xc board/freescale/mx6g2c/built-in.o
                0x86802bc8                get_lcd_panels
 .text.splash_screen_prepare
                0x86802bd4       0x28 board/freescale/mx6g2c/built-in.o
                0x86802bd4                splash_screen_prepare
 .text.override_lcd_settings
                0x86802bfc      0x140 board/freescale/mx6g2c/built-in.o
                0x86802bfc                override_lcd_settings
 .text.show_boot_progress
                0x86802d3c        0x4 common/built-in.o
                0x86802d3c                show_boot_progress
 .text.main_loop
                0x86802d40       0x20 common/built-in.o
                0x86802d40                main_loop
 .text.dummy    0x86802d60        0x4 common/built-in.o
 .text.get_version
                0x86802d64        0x8 common/built-in.o
                0x86802d64                get_version
 .text.jumptable_init
                0x86802d6c      0x1c0 common/built-in.o
                0x86802d6c                jumptable_init
 .text.hash_command
                0x86802f2c       0xb4 common/built-in.o
                0x86802f2c                hash_command
 .text.b_reset  0x86802fe0       0x1c common/built-in.o
 .text.static_get
                0x86802ffc       0x1c common/built-in.o
 .text.static_peek
                0x86803018        0xc common/built-in.o
 .text.file_peek
                0x86803024        0xc common/built-in.o
 .text.mapset   0x86803030       0x20 common/built-in.o
 .text.syntax_err
                0x86803050        0xc common/built-in.o
 .text.free_pipe_list
                0x8680305c       0xf0 common/built-in.o
 .text.xmalloc  0x8680314c       0x20 common/built-in.o
 .text.new_pipe
                0x8680316c       0x28 common/built-in.o
 .text.xrealloc
                0x86803194       0x20 common/built-in.o
 .text.done_command
                0x868031b4       0x88 common/built-in.o
 .text.done_pipe
                0x8680323c       0x48 common/built-in.o
 .text.done_word
                0x86803284      0x2e4 common/built-in.o
 .text.do_showvar
                0x86803568       0xfc common/built-in.o
 .text.is_assignment
                0x86803664       0x5c common/built-in.o
 .text.file_get
                0x868036c0      0x1ec common/built-in.o
 .text.b_addchr
                0x868038ac       0x78 common/built-in.o
 .text.b_addqchr
                0x86803924       0x50 common/built-in.o
 .text.get_local_var
                0x86803974       0xa0 common/built-in.o
                0x86803974                get_local_var
 .text.set_local_var
                0x86803a14      0x1bc common/built-in.o
                0x86803a14                set_local_var
 .text.insert_var_value_sub
                0x86803bd0      0x2c0 common/built-in.o
 .text.parse_string_outer
                0x86803e90       0xe4 common/built-in.o
                0x86803e90                parse_string_outer
 .text.run_list_real
                0x86803f74      0x7ec common/built-in.o
 .text.parse_stream_outer
                0x86804760      0x6cc common/built-in.o
 .text.parse_file_outer
                0x86804e2c       0x44 common/built-in.o
                0x86804e2c                parse_file_outer
 .text.u_boot_hush_start
                0x86804e70       0x54 common/built-in.o
                0x86804e70                u_boot_hush_start
 .text.bootdelay_process
                0x86804ec4       0xd0 common/built-in.o
                0x86804ec4                bootdelay_process
 .text.autoboot_command
                0x86804f94       0xd0 common/built-in.o
                0x86804f94                autoboot_command
 .text.display_text_info
                0x86805064        0x8 common/built-in.o
 .text.setup_mon_len
                0x8680506c       0x20 common/built-in.o
 .text.setup_fdt
                0x8680508c        0x8 common/built-in.o
 .text.reserve_round_4k
                0x86805094       0x18 common/built-in.o
 .text.reserve_mmu
                0x868050ac       0x38 common/built-in.o
 .text.reserve_trace
                0x868050e4        0x8 common/built-in.o
 .text.reserve_uboot
                0x868050ec       0x30 common/built-in.o
 .text.reserve_malloc
                0x8680511c       0x14 common/built-in.o
 .text.setup_machine
                0x86805130        0x8 common/built-in.o
 .text.reserve_global_data
                0x86805138       0x1c common/built-in.o
 .text.reserve_fdt
                0x86805154       0x4c common/built-in.o
 .text.display_new_sp
                0x868051a0        0x8 common/built-in.o
 .text.initf_malloc
                0x868051a8       0x1c common/built-in.o
 .text.reserve_arch
                0x868051c4        0x8 common/built-in.o
                0x868051c4                reserve_arch
 .text.setup_reloc
                0x868051cc       0x2c common/built-in.o
 .text.reloc_fdt
                0x868051f8       0x38 common/built-in.o
 .text.announce_dram_init
                0x86805230       0x18 common/built-in.o
 .text.init_func_i2c
                0x86805248       0x28 common/built-in.o
 .text.init_baud_rate
                0x86805270       0x2c common/built-in.o
 .text.initf_dm
                0x8680529c        0x8 common/built-in.o
 .text.mark_bootstage
                0x868052a4       0x14 common/built-in.o
 .text.reserve_board
                0x868052b8       0x40 common/built-in.o
 .text.coloured_LED_init
                0x868052f8        0x4 common/built-in.o
                0x868052f8                coloured_LED_init
 .text.red_led_on
                0x868052fc        0x4 common/built-in.o
                0x868052fc                red_led_on
 .text.board_add_ram_info
                0x86805300        0x4 common/built-in.o
                0x86805300                board_add_ram_info
 .text.show_dram_config
                0x86805304       0x38 common/built-in.o
 .text.dram_init_banksize
                0x8680533c       0x20 common/built-in.o
                0x8680533c                dram_init_banksize
 .text.setup_dram_config
                0x8680535c       0x10 common/built-in.o
 .text.board_get_usable_ram_top
                0x8680536c       0x14 common/built-in.o
                0x8680536c                board_get_usable_ram_top
 .text.setup_dest_addr
                0x86805380       0x3c common/built-in.o
 .text.reserve_stacks
                0x868053bc       0x1c common/built-in.o
 .text.board_init_f
                0x868053d8       0x28 common/built-in.o
                0x868053d8                board_init_f
 .text.bootstage_relocate
                0x86805400        0x8 common/built-in.o
 .text.initr_trace
                0x86805408        0x8 common/built-in.o
 .text.initr_reloc_global_data
                0x86805410       0x28 common/built-in.o
 .text.initr_barrier
                0x86805438        0x8 common/built-in.o
 .text.power_init_board
                0x86805440        0x8 common/built-in.o
                0x86805440                power_init_board
 .text.initr_announce
                0x86805448        0x8 common/built-in.o
 .text.run_main_loop
                0x86805450        0xc common/built-in.o
 .text.initr_net
                0x8680545c       0x20 common/built-in.o
 .text.initr_ethaddr
                0x8680547c       0x20 common/built-in.o
 .text.initr_enable_interrupts
                0x8680549c       0x10 common/built-in.o
 .text.initr_jumptable
                0x868054ac       0x10 common/built-in.o
 .text.initr_env
                0x868054bc       0x30 common/built-in.o
 .text.initr_mmc
                0x868054ec       0x20 common/built-in.o
 .text.initr_nand
                0x8680550c       0x1c common/built-in.o
 .text.initr_serial
                0x86805528       0x10 common/built-in.o
 .text.initr_dm
                0x86805538       0x14 common/built-in.o
 .text.initr_malloc
                0x8680554c       0x1c common/built-in.o
 .text.initr_caches
                0x86805568       0x10 common/built-in.o
 .text.initr_reloc
                0x86805578       0x24 common/built-in.o
 .text.cpu_secondary_init_r
                0x8680559c        0x4 common/built-in.o
                0x8680559c                cpu_secondary_init_r
 .text.initr_secondary_cpu
                0x868055a0       0x10 common/built-in.o
 .text.board_init_r
                0x868055b0       0x14 common/built-in.o
                0x868055b0                board_init_r
 .text.show_board_info
                0x868055c4        0x4 common/built-in.o
                0x868055c4                show_board_info
 .text.do_go_exec
                0x868055c8       0x10 common/built-in.o
                0x868055c8                do_go_exec
 .text.do_go    0x868055d8       0x6c common/built-in.o
 .text.do_bootm
                0x86805644      0x110 common/built-in.o
                0x86805644                do_bootm
 .text.do_bootd
                0x86805754       0x20 common/built-in.o
                0x86805754                do_bootd
 .text.image_info
                0x86805774       0xcc common/built-in.o
 .text.do_iminfo
                0x86805840       0x5c common/built-in.o
 .text.bootm_maybe_autostart
                0x8680589c       0x78 common/built-in.o
                0x8680589c                bootm_maybe_autostart
 .text.do_bootz
                0x86805914       0xfc common/built-in.o
                0x86805914                do_bootz
 .text.bootm_find_ramdisk_fdt
                0x86805a10       0xa8 common/built-in.o
                0x86805a10                bootm_find_ramdisk_fdt
 .text.bootm_decomp_image
                0x86805ab8      0x180 common/built-in.o
                0x86805ab8                bootm_decomp_image
 .text.bootm_disable_interrupts
                0x86805c38       0x18 common/built-in.o
                0x86805c38                bootm_disable_interrupts
 .text.do_bootm_states
                0x86805c50      0x748 common/built-in.o
                0x86805c50                do_bootm_states
 .text.do_bootm_standalone
                0x86806398       0x64 common/built-in.o
 .text.do_bootvx_fdt
                0x868063fc      0x10c common/built-in.o
                0x868063fc                do_bootvx_fdt
 .text.do_bootm_vxworks
                0x86806508       0x24 common/built-in.o
 .text.boot_selected_os
                0x8680652c       0x58 common/built-in.o
                0x8680652c                boot_selected_os
 .text.bootm_os_get_boot_func
                0x86806584       0x10 common/built-in.o
                0x86806584                bootm_os_get_boot_func
 .text.do_help  0x86806594       0x44 common/built-in.o
 .text.do_version
                0x868065d8       0x38 common/built-in.o
 .text.env_attr_walk
                0x86806610      0x114 common/built-in.o
                0x86806610                env_attr_walk
 .text.env_attr_lookup
                0x86806724      0x18c common/built-in.o
                0x86806724                env_attr_lookup
 .text.clear_callback
                0x868068b0       0x10 common/built-in.o
 .text.find_env_callback
                0x868068c0       0x68 common/built-in.o
 .text.on_callbacks
                0x86806928       0x48 common/built-in.o
 .text.set_callback
                0x86806970       0x9c common/built-in.o
 .text.env_callback_init
                0x86806a0c       0xc4 common/built-in.o
                0x86806a0c                env_callback_init
 .text.skip_num
                0x86806ad0       0x70 common/built-in.o
 .text.clear_flags
                0x86806b40       0x10 common/built-in.o
 .text.on_flags
                0x86806b50       0x48 common/built-in.o
 .text.env_flags_parse_vartype
                0x86806b98       0x50 common/built-in.o
                0x86806b98                env_flags_parse_vartype
 .text.env_flags_parse_varaccess
                0x86806be8       0x58 common/built-in.o
                0x86806be8                env_flags_parse_varaccess
 .text.set_flags
                0x86806c40       0xb4 common/built-in.o
 .text.env_flags_init
                0x86806cf4       0xd8 common/built-in.o
                0x86806cf4                env_flags_init
 .text.env_flags_validate
                0x86806dcc      0x328 common/built-in.o
                0x86806dcc                env_flags_validate
 .text.env_init
                0x868070f4       0x1c common/built-in.o
                0x868070f4                env_init
 .text.saveenv  0x86807110      0x134 common/built-in.o
                0x86807110                saveenv
 .text.env_relocate_spec
                0x86807244       0xec common/built-in.o
                0x86807244                env_relocate_spec
 .text.source   0x86807330       0xd8 common/built-in.o
                0x86807330                source
 .text.do_source
                0x86807408       0x48 common/built-in.o
 .text.print_num
                0x86807450       0x14 common/built-in.o
 .text.do_bdinfo
                0x86807464      0x190 common/built-in.o
 .text.do_bmp   0x868075f4       0x54 common/built-in.o
 .text.do_bmp_info
                0x86807648       0xfc common/built-in.o
 .text.bmp_display
                0x86807744       0x38 common/built-in.o
                0x86807744                bmp_display
 .text.do_bmp_display
                0x8680777c       0xbc common/built-in.o
 .text.parse_argv
                0x86807838       0x64 common/built-in.o
 .text.do_icache
                0x8680789c       0x88 common/built-in.o
 .text.do_dcache
                0x86807924       0x88 common/built-in.o
 .text.do_coninfo
                0x868079ac       0xc0 common/built-in.o
 .text.do_echo  0x86807a6c       0xb0 common/built-in.o
 .text.do_exit  0x86807b1c       0x3c common/built-in.o
 .text.do_fat_size
                0x86807b58       0x18 common/built-in.o
                0x86807b58                do_fat_size
 .text.do_fat_fsload
                0x86807b70       0x18 common/built-in.o
                0x86807b70                do_fat_fsload
 .text.do_fat_ls
                0x86807b88       0x18 common/built-in.o
 .text.do_fat_fsinfo
                0x86807ba0       0x90 common/built-in.o
 .text.fdt_valid
                0x86807c30       0xbc common/built-in.o
 .text.is_printable_string
                0x86807cec       0x98 common/built-in.o
 .text.print_data
                0x86807d84      0x174 common/built-in.o
 .text.set_working_fdt_addr
                0x86807ef8       0x1c common/built-in.o
                0x86807ef8                set_working_fdt_addr
 .text.do_fdt   0x86807f14      0xe94 common/built-in.o
 .text.fdt_find_and_setprop
                0x86808da8       0x70 common/built-in.o
                0x86808da8                fdt_find_and_setprop
 .text.fdt_find_or_add_subnode
                0x86808e18       0x68 common/built-in.o
                0x86808e18                fdt_find_or_add_subnode
 .text.fdt_initrd
                0x86808e80      0x1c8 common/built-in.o
                0x86808e80                fdt_initrd
 .text.fdt_chosen
                0x86809048       0xa8 common/built-in.o
                0x86809048                fdt_chosen
 .text.do_fixup_by_path
                0x868090f0       0x54 common/built-in.o
                0x868090f0                do_fixup_by_path
 .text.fdt_fixup_memory_banks
                0x86809144      0x1a0 common/built-in.o
                0x86809144                fdt_fixup_memory_banks
 .text.fdt_fixup_memory
                0x868092e4       0x20 common/built-in.o
                0x868092e4                fdt_fixup_memory
 .text.fdt_fixup_ethernet
                0x86809304      0x15c common/built-in.o
[...]
 .comment       0x00000000       0xc8 disk/built-in.o
 .comment       0x00000000      0x6a4 drivers/built-in.o
 .comment       0x00000000       0x64 drivers/dma/built-in.o
 .comment       0x00000000       0x64 drivers/gpio/built-in.o
 .comment       0x00000000       0xc8 drivers/i2c/built-in.o
 .comment       0x00000000      0x12c drivers/mmc/built-in.o
 .comment       0x00000000       0xc8 drivers/mtd/built-in.o
 .comment       0x00000000      0x2bc drivers/mtd/nand/built-in.o
 .comment       0x00000000      0x4b0 drivers/mtd/ubi/built-in.o
 .comment       0x00000000       0x64 drivers/net/built-in.o
 .comment       0x00000000       0xc8 drivers/net/phy/built-in.o
 .comment       0x00000000       0xc8 drivers/serial/built-in.o
 .comment       0x00000000       0xc8 drivers/usb/eth/built-in.o
 .comment       0x00000000       0xc8 drivers/usb/host/built-in.o
 .comment       0x00000000      0x898 fs/built-in.o
 .comment       0x00000000      0xd48 lib/built-in.o
 .comment       0x00000000      0x320 net/built-in.o
 .comment       0x00000000       0x64 test/dm/built-in.o
 .comment       0x00000000       0x64 arch/arm/lib/eabi_compat.o

.note.GNU-stack
                0x00000000        0x0
 .note.GNU-stack
                0x00000000        0x0 arch/arm/cpu/armv7/built-in.o
 .note.GNU-stack
                0x00000000        0x0 arch/arm/imx-common/built-in.o
 .note.GNU-stack
                0x00000000        0x0 arch/arm/lib/built-in.o
 .note.GNU-stack
                0x00000000        0x0 board/freescale/mx6g2c/built-in.o
 .note.GNU-stack
                0x00000000        0x0 common/built-in.o
 .note.GNU-stack
                0x00000000        0x0 disk/built-in.o
 .note.GNU-stack
                0x00000000        0x0 drivers/built-in.o
 .note.GNU-stack
                0x00000000        0x0 drivers/dma/built-in.o
 .note.GNU-stack
                0x00000000        0x0 drivers/gpio/built-in.o
 .note.GNU-stack
                0x00000000        0x0 drivers/i2c/built-in.o
 .note.GNU-stack
                0x00000000        0x0 drivers/mmc/built-in.o
 .note.GNU-stack
                0x00000000        0x0 drivers/mtd/built-in.o
 .note.GNU-stack
                0x00000000        0x0 drivers/mtd/nand/built-in.o
 .note.GNU-stack
                0x00000000        0x0 drivers/mtd/ubi/built-in.o
 .note.GNU-stack
                0x00000000        0x0 drivers/net/built-in.o
 .note.GNU-stack
                0x00000000        0x0 drivers/net/phy/built-in.o
 .note.GNU-stack
                0x00000000        0x0 drivers/serial/built-in.o
 .note.GNU-stack
                0x00000000        0x0 drivers/usb/eth/built-in.o
 .note.GNU-stack
                0x00000000        0x0 drivers/usb/host/built-in.o
 .note.GNU-stack
                0x00000000        0x0 fs/built-in.o
 .note.GNU-stack
                0x00000000        0x0 lib/built-in.o
 .note.GNU-stack
                0x00000000        0x0 net/built-in.o
 .note.GNU-stack
                0x00000000        0x0 test/dm/built-in.o
 .note.GNU-stack
                0x00000000        0x0 arch/arm/lib/eabi_compat.o
 .note.GNU-stack
                0x00000000        0x0 /opt/gcc-linaro-arm-linux-gnueabihf-4.9-2014.09_linux/bin/../lib/gcc/arm-linux-gnueabihf/4.9.2/libgcc.a(_udivsi3.o)
 .note.GNU-stack
                0x00000000        0x0 /opt/gcc-linaro-arm-linux-gnueabihf-4.9-2014.09_linux/bin/../lib/gcc/arm-linux-gnueabihf/4.9.2/libgcc.a(_divsi3.o)
 .note.GNU-stack
                0x00000000        0x0 /opt/gcc-linaro-arm-linux-gnueabihf-4.9-2014.09_linux/bin/../lib/gcc/arm-linux-gnueabihf/4.9.2/libgcc.a(_lshrdi3.o)
 .note.GNU-stack
                0x00000000        0x0 /opt/gcc-linaro-arm-linux-gnueabihf-4.9-2014.09_linux/bin/../lib/gcc/arm-linux-gnueabihf/4.9.2/libgcc.a(_ashrdi3.o)
 .note.GNU-stack
                0x00000000        0x0 /opt/gcc-linaro-arm-linux-gnueabihf-4.9-2014.09_linux/bin/../lib/gcc/arm-linux-gnueabihf/4.9.2/libgcc.a(_ashldi3.o)
 .note.GNU-stack
                0x00000000        0x0 /opt/gcc-linaro-arm-linux-gnueabihf-4.9-2014.09_linux/bin/../lib/gcc/arm-linux-gnueabihf/4.9.2/libgcc.a(_aeabi_ldivmod.o)
 .note.GNU-stack
                0x00000000        0x0 /opt/gcc-linaro-arm-linux-gnueabihf-4.9-2014.09_linux/bin/../lib/gcc/arm-linux-gnueabihf/4.9.2/libgcc.a(_dvmd_lnx.o)
 .note.GNU-stack
                0x00000000        0x0 /opt/gcc-linaro-arm-linux-gnueabihf-4.9-2014.09_linux/bin/../lib/gcc/arm-linux-gnueabihf/4.9.2/libgcc.a(bpabi.o)
 .note.GNU-stack
                0x00000000        0x0 /opt/gcc-linaro-arm-linux-gnueabihf-4.9-2014.09_linux/bin/../lib/gcc/arm-linux-gnueabihf/4.9.2/libgcc.a(_divdi3.o)
 .note.GNU-stack
                0x00000000        0x0 /opt/gcc-linaro-arm-linux-gnueabihf-4.9-2014.09_linux/bin/../lib/gcc/arm-linux-gnueabihf/4.9.2/libgcc.a(_udivdi3.o)

.debug_line     0x00000000    0x2abf8
 .debug_line    0x00000000       0x89 arch/arm/cpu/armv7/start.o
 .debug_line    0x00000089      0xe4b arch/arm/cpu/armv7/built-in.o
 .debug_line    0x00000ed4      0xb77 arch/arm/imx-common/built-in.o
 .debug_line    0x00001a4b      0xd3e arch/arm/lib/built-in.o
 .debug_line    0x00002789      0x5de board/freescale/mx6g2c/built-in.o
 .debug_line    0x00002d67     0xc54f common/built-in.o
 .debug_line    0x0000f2b6      0x609 disk/built-in.o
 .debug_line    0x0000f8bf     0x2791 drivers/built-in.o
 .debug_line    0x00012050      0x388 drivers/dma/built-in.o
 .debug_line    0x000123d8      0x198 drivers/gpio/built-in.o
 .debug_line    0x00012570      0x568 drivers/i2c/built-in.o
 .debug_line    0x00012ad8      0xf42 drivers/mmc/built-in.o
 .debug_line    0x00013a1a      0xae1 drivers/mtd/built-in.o
 .debug_line    0x000144fb     0x2a33 drivers/mtd/nand/built-in.o
 .debug_line    0x00016f2e     0x3dac drivers/mtd/ubi/built-in.o
 .debug_line    0x0001acda      0x517 drivers/net/built-in.o
 .debug_line    0x0001b1f1      0x734 drivers/net/phy/built-in.o
 .debug_line    0x0001b925      0x54f drivers/serial/built-in.o
 .debug_line    0x0001be74      0x582 drivers/usb/eth/built-in.o
 .debug_line    0x0001c3f6      0x8d8 drivers/usb/host/built-in.o
 .debug_line    0x0001ccce     0x7693 fs/built-in.o
 .debug_line    0x00024361     0x4a79 lib/built-in.o
 .debug_line    0x00028dda     0x1af0 net/built-in.o
 .debug_line    0x0002a8ca      0x1ff test/dm/built-in.o
 .debug_line    0x0002aac9      0x12f arch/arm/lib/eabi_compat.o

.debug_info     0x00000000   0x145490
 .debug_info    0x00000000       0x6c arch/arm/cpu/armv7/start.o
 .debug_info    0x0000006c     0x6d55 arch/arm/cpu/armv7/built-in.o
 .debug_info    0x00006dc1     0x4578 arch/arm/imx-common/built-in.o
 .debug_info    0x0000b339     0x4726 arch/arm/lib/built-in.o
 .debug_info    0x0000fa5f     0x5c2e board/freescale/mx6g2c/built-in.o
 .debug_info    0x0001568d    0x53acd common/built-in.o
 .debug_info    0x0006915a     0x22f3 disk/built-in.o
 .debug_info    0x0006b44d     0xf1c3 drivers/built-in.o
 .debug_info    0x0007a610     0x442d drivers/dma/built-in.o
 .debug_info    0x0007ea3d      0x6f8 drivers/gpio/built-in.o
 .debug_info    0x0007f135     0x2aef drivers/i2c/built-in.o
 .debug_info    0x00081c24     0x5347 drivers/mmc/built-in.o
 .debug_info    0x00086f6b     0x3939 drivers/mtd/built-in.o
 .debug_info    0x0008a8a4    0x151b7 drivers/mtd/nand/built-in.o
 .debug_info    0x0009fa5b    0x20063 drivers/mtd/ubi/built-in.o
 .debug_info    0x000bfabe     0x30bc drivers/net/built-in.o
 .debug_info    0x000c2b7a     0x2d2d drivers/net/phy/built-in.o
 .debug_info    0x000c58a7     0x1bcf drivers/serial/built-in.o
 .debug_info    0x000c7476     0x2a90 drivers/usb/eth/built-in.o
 .debug_info    0x000c9f06     0x3dfc drivers/usb/host/built-in.o
 .debug_info    0x000cdd02    0x58c41 fs/built-in.o
 .debug_info    0x00126943    0x13182 lib/built-in.o
 .debug_info    0x00139ac5     0xa6a5 net/built-in.o
 .debug_info    0x0014416a      0xe5b test/dm/built-in.o
 .debug_info    0x00144fc5      0x4cb arch/arm/lib/eabi_compat.o

.debug_abbrev   0x00000000    0x2bcc6
 .debug_abbrev  0x00000000       0x14 arch/arm/cpu/armv7/start.o
 .debug_abbrev  0x00000014     0x1119 arch/arm/cpu/armv7/built-in.o
 .debug_abbrev  0x0000112d     0x1072 arch/arm/imx-common/built-in.o
 .debug_abbrev  0x0000219f     0x101d arch/arm/lib/built-in.o
 .debug_abbrev  0x000031bc      0x720 board/freescale/mx6g2c/built-in.o
 .debug_abbrev  0x000038dc     0xd890 common/built-in.o
 .debug_abbrev  0x0001116c      0x6fc disk/built-in.o
 .debug_abbrev  0x00011868     0x2df8 drivers/built-in.o
 .debug_abbrev  0x00014660      0x518 drivers/dma/built-in.o
 .debug_abbrev  0x00014b78      0x216 drivers/gpio/built-in.o
 .debug_abbrev  0x00014d8e      0x866 drivers/i2c/built-in.o
 .debug_abbrev  0x000155f4      0xd7a drivers/mmc/built-in.o
 .debug_abbrev  0x0001636e      0x940 drivers/mtd/built-in.o
 .debug_abbrev  0x00016cae     0x1ce3 drivers/mtd/nand/built-in.o
 .debug_abbrev  0x00018991     0x3852 drivers/mtd/ubi/built-in.o
 .debug_abbrev  0x0001c1e3      0x5ab drivers/net/built-in.o
 .debug_abbrev  0x0001c78e      0x7a0 drivers/net/phy/built-in.o
 .debug_abbrev  0x0001cf2e      0x6af drivers/serial/built-in.o
 .debug_abbrev  0x0001d5dd      0x73e drivers/usb/eth/built-in.o
 .debug_abbrev  0x0001dd1b      0x844 drivers/usb/host/built-in.o
 .debug_abbrev  0x0001e55f     0x7057 fs/built-in.o
 .debug_abbrev  0x000255b6     0x43a8 lib/built-in.o
 .debug_abbrev  0x0002995e     0x1eca net/built-in.o
 .debug_abbrev  0x0002b828      0x2e6 test/dm/built-in.o
 .debug_abbrev  0x0002bb0e      0x1b8 arch/arm/lib/eabi_compat.o

.debug_aranges  0x00000000     0x5160
 .debug_aranges
                0x00000000       0x20 arch/arm/cpu/armv7/start.o
 .debug_aranges
                0x00000020      0x278 arch/arm/cpu/armv7/built-in.o
 .debug_aranges
                0x00000298      0x188 arch/arm/imx-common/built-in.o
 .debug_aranges
                0x00000420      0x268 arch/arm/lib/built-in.o
 .debug_aranges
                0x00000688       0xe8 board/freescale/mx6g2c/built-in.o
 .debug_aranges
                0x00000770     0x1878 common/built-in.o
 .debug_aranges
                0x00001fe8       0xa0 disk/built-in.o
 .debug_aranges
                0x00002088      0x4c8 drivers/built-in.o
 .debug_aranges
                0x00002550       0x78 drivers/dma/built-in.o
 .debug_aranges
                0x000025c8       0x48 drivers/gpio/built-in.o
 .debug_aranges
                0x00002610      0x120 drivers/i2c/built-in.o
 .debug_aranges
                0x00002730      0x1a8 drivers/mmc/built-in.o
 .debug_aranges
                0x000028d8      0x1e0 drivers/mtd/built-in.o
 .debug_aranges
                0x00002ab8      0x418 drivers/mtd/nand/built-in.o
 .debug_aranges
                0x00002ed0      0x530 drivers/mtd/ubi/built-in.o
 .debug_aranges
                0x00003400       0x80 drivers/net/built-in.o
 .debug_aranges
                0x00003480      0x118 drivers/net/phy/built-in.o
 .debug_aranges
                0x00003598      0x110 drivers/serial/built-in.o
 .debug_aranges
                0x000036a8       0xb0 drivers/usb/eth/built-in.o
 .debug_aranges
                0x00003758      0x100 drivers/usb/host/built-in.o
 .debug_aranges
                0x00003858      0xb38 fs/built-in.o
 .debug_aranges
                0x00004390      0x9e8 lib/built-in.o
 .debug_aranges
                0x00004d78      0x370 net/built-in.o
 .debug_aranges
                0x000050e8       0x38 test/dm/built-in.o
 .debug_aranges
                0x00005120       0x40 arch/arm/lib/eabi_compat.o

.debug_frame    0x00000000     0xe944
 .debug_frame   0x00000000      0x560 arch/arm/cpu/armv7/built-in.o
 .debug_frame   0x00000560      0x358 arch/arm/imx-common/built-in.o
 .debug_frame   0x000008b8      0x3f0 arch/arm/lib/built-in.o
 .debug_frame   0x00000ca8      0x234 board/freescale/mx6g2c/built-in.o
 .debug_frame   0x00000edc     0x44c4 common/built-in.o
 .debug_frame   0x000053a0      0x210 disk/built-in.o
 .debug_frame   0x000055b0      0xbf8 drivers/built-in.o
 .debug_frame   0x000061a8      0x134 drivers/dma/built-in.o
 .debug_frame   0x000062dc       0x78 drivers/gpio/built-in.o
 .debug_frame   0x00006354      0x31c drivers/i2c/built-in.o
 .debug_frame   0x00006670      0x560 drivers/mmc/built-in.o
 .debug_frame   0x00006bd0      0x694 drivers/mtd/built-in.o
 .debug_frame   0x00007264      0xeec drivers/mtd/nand/built-in.o
 .debug_frame   0x00008150     0x10c4 drivers/mtd/ubi/built-in.o
 .debug_frame   0x00009214      0x188 drivers/net/built-in.o
 .debug_frame   0x0000939c      0x338 drivers/net/phy/built-in.o
 .debug_frame   0x000096d4      0x2b0 drivers/serial/built-in.o
 .debug_frame   0x00009984      0x22c drivers/usb/eth/built-in.o
 .debug_frame   0x00009bb0      0x2f8 drivers/usb/host/built-in.o
 .debug_frame   0x00009ea8     0x23a4 fs/built-in.o
 .debug_frame   0x0000c24c     0x1a4c lib/built-in.o
 .debug_frame   0x0000dc98      0xa88 net/built-in.o
 .debug_frame   0x0000e720       0x98 test/dm/built-in.o
 .debug_frame   0x0000e7b8       0x68 arch/arm/lib/eabi_compat.o
 .debug_frame   0x0000e820       0x20 /opt/gcc-linaro-arm-linux-gnueabihf-4.9-2014.09_linux/bin/../lib/gcc/arm-linux-gnueabihf/4.9.2/libgcc.a(_udivsi3.o)
 .debug_frame   0x0000e840       0x20 /opt/gcc-linaro-arm-linux-gnueabihf-4.9-2014.09_linux/bin/../lib/gcc/arm-linux-gnueabihf/4.9.2/libgcc.a(_divsi3.o)
 .debug_frame   0x0000e860       0x28 /opt/gcc-linaro-arm-linux-gnueabihf-4.9-2014.09_linux/bin/../lib/gcc/arm-linux-gnueabihf/4.9.2/libgcc.a(_aeabi_ldivmod.o)
 .debug_frame   0x0000e888       0x54 /opt/gcc-linaro-arm-linux-gnueabihf-4.9-2014.09_linux/bin/../lib/gcc/arm-linux-gnueabihf/4.9.2/libgcc.a(bpabi.o)
 .debug_frame   0x0000e8dc       0x38 /opt/gcc-linaro-arm-linux-gnueabihf-4.9-2014.09_linux/bin/../lib/gcc/arm-linux-gnueabihf/4.9.2/libgcc.a(_divdi3.o)
 .debug_frame   0x0000e914       0x30 /opt/gcc-linaro-arm-linux-gnueabihf-4.9-2014.09_linux/bin/../lib/gcc/arm-linux-gnueabihf/4.9.2/libgcc.a(_udivdi3.o)

.debug_str      0x00000000    0x24cc2
 .debug_str     0x00000000     0x1c57 arch/arm/cpu/armv7/built-in.o
                               0x425b (size before relaxing)
 .debug_str     0x00001c57      0x97b arch/arm/imx-common/built-in.o
                               0x36fe (size before relaxing)
 .debug_str     0x000025d2     0x114b arch/arm/lib/built-in.o
                               0x3ab1 (size before relaxing)
 .debug_str     0x0000371d     0x81f9 board/freescale/mx6g2c/built-in.o
                               0x9b67 (size before relaxing)
 .debug_str     0x0000b916     0x8afd common/built-in.o
                              0x2d11e (size before relaxing)
 .debug_str     0x00014413      0x26b disk/built-in.o
                                0xf39 (size before relaxing)
 .debug_str     0x0001467e     0x1c2a drivers/built-in.o
                               0x950d (size before relaxing)
 .debug_str     0x000162a8     0x391a drivers/dma/built-in.o
                               0x425e (size before relaxing)
 .debug_str     0x00019bc2       0x8a drivers/gpio/built-in.o
                                0x4f6 (size before relaxing)
 .debug_str     0x00019c4c      0x295 drivers/i2c/built-in.o
                               0x1134 (size before relaxing)
 .debug_str     0x00019ee1      0x552 drivers/mmc/built-in.o
                               0x202e (size before relaxing)
 .debug_str     0x0001a433      0x43b drivers/mtd/built-in.o
                               0x15e0 (size before relaxing)
 .debug_str     0x0001a86e     0x236b drivers/mtd/nand/built-in.o
                               0x97aa (size before relaxing)
 .debug_str     0x0001cbd9     0x1400 drivers/mtd/ubi/built-in.o
                               0xce62 (size before relaxing)
 .debug_str     0x0001dfd9      0x731 drivers/net/built-in.o
                               0x113c (size before relaxing)
 .debug_str     0x0001e70a      0x2ed drivers/net/phy/built-in.o
                               0x11a9 (size before relaxing)
 .debug_str     0x0001e9f7      0x1fa drivers/serial/built-in.o
                               0x1261 (size before relaxing)
 .debug_str     0x0001ebf1      0x316 drivers/usb/eth/built-in.o
                               0x14f1 (size before relaxing)
 .debug_str     0x0001ef07      0x667 drivers/usb/host/built-in.o
                               0x20ba (size before relaxing)
 .debug_str     0x0001f56e     0x30a6 fs/built-in.o
                              0x27fdd (size before relaxing)
 .debug_str     0x00022614     0x1480 lib/built-in.o
                               0xa0f6 (size before relaxing)
 .debug_str     0x00023a94     0x104b net/built-in.o
                               0x6076 (size before relaxing)
 .debug_str     0x00024adf      0x16c test/dm/built-in.o
                                0x9e8 (size before relaxing)
 .debug_str     0x00024c4b       0x77 arch/arm/lib/eabi_compat.o
                                0x48f (size before relaxing)

.debug_loc      0x00000000    0x7fda7
 .debug_loc     0x00000000     0x21ef arch/arm/cpu/armv7/built-in.o
 .debug_loc     0x000021ef      0xc70 arch/arm/imx-common/built-in.o
 .debug_loc     0x00002e5f      0x9b5 arch/arm/lib/built-in.o
 .debug_loc     0x00003814      0x3d7 board/freescale/mx6g2c/built-in.o
 .debug_loc     0x00003beb    0x22829 common/built-in.o
 .debug_loc     0x00026414     0x1090 disk/built-in.o
 .debug_loc     0x000274a4     0x6d3d drivers/built-in.o
 .debug_loc     0x0002e1e1      0xa9b drivers/dma/built-in.o
 .debug_loc     0x0002ec7c      0x523 drivers/gpio/built-in.o
 .debug_loc     0x0002f19f     0x1136 drivers/i2c/built-in.o
 .debug_loc     0x000302d5     0x2901 drivers/mmc/built-in.o
 .debug_loc     0x00032bd6     0x22b6 drivers/mtd/built-in.o
 .debug_loc     0x00034e8c     0xa7cc drivers/mtd/nand/built-in.o
 .debug_loc     0x0003f658     0xc8bb drivers/mtd/ubi/built-in.o
 .debug_loc     0x0004bf13     0x13cb drivers/net/built-in.o
 .debug_loc     0x0004d2de     0x1b5d drivers/net/phy/built-in.o
 .debug_loc     0x0004ee3b      0x558 drivers/serial/built-in.o
 .debug_loc     0x0004f393      0xa92 drivers/usb/eth/built-in.o
 .debug_loc     0x0004fe25     0x1cb7 drivers/usb/host/built-in.o
 .debug_loc     0x00051adc    0x19d04 fs/built-in.o
 .debug_loc     0x0006b7e0     0xff7a lib/built-in.o
 .debug_loc     0x0007b75a     0x4099 net/built-in.o
 .debug_loc     0x0007f7f3      0x4ac test/dm/built-in.o
 .debug_loc     0x0007fc9f      0x108 arch/arm/lib/eabi_compat.o

.debug_ranges   0x00000000     0xbc38
 .debug_ranges  0x00000000      0x438 arch/arm/cpu/armv7/built-in.o
 .debug_ranges  0x00000438      0x238 arch/arm/imx-common/built-in.o
 .debug_ranges  0x00000670      0x230 arch/arm/lib/built-in.o
 .debug_ranges  0x000008a0      0x110 board/freescale/mx6g2c/built-in.o
 .debug_ranges  0x000009b0     0x29e8 common/built-in.o
 .debug_ranges  0x00003398      0x120 disk/built-in.o
 .debug_ranges  0x000034b8      0xb58 drivers/built-in.o
 .debug_ranges  0x00004010       0xe8 drivers/dma/built-in.o
 .debug_ranges  0x000040f8       0x50 drivers/gpio/built-in.o
 .debug_ranges  0x00004148      0x228 drivers/i2c/built-in.o
 .debug_ranges  0x00004370      0x3a0 drivers/mmc/built-in.o
 .debug_ranges  0x00004710      0x318 drivers/mtd/built-in.o
 .debug_ranges  0x00004a28      0xce0 drivers/mtd/nand/built-in.o
 .debug_ranges  0x00005708     0x1370 drivers/mtd/ubi/built-in.o
 .debug_ranges  0x00006a78      0x3b8 drivers/net/built-in.o
 .debug_ranges  0x00006e30      0x320 drivers/net/phy/built-in.o
 .debug_ranges  0x00007150      0x108 drivers/serial/built-in.o
 .debug_ranges  0x00007258      0x178 drivers/usb/eth/built-in.o
 .debug_ranges  0x000073d0      0x1e8 drivers/usb/host/built-in.o
 .debug_ranges  0x000075b8     0x2a40 fs/built-in.o
 .debug_ranges  0x00009ff8     0x1480 lib/built-in.o
 .debug_ranges  0x0000b478      0x738 net/built-in.o
 .debug_ranges  0x0000bbb0       0x58 test/dm/built-in.o
 .debug_ranges  0x0000bc08       0x30 arch/arm/lib/eabi_compat.o
